Archive member included to satisfy reference by file (symbol)

/Applications/ModusToolbox/tools_3.4/gcc/bin/../lib/gcc/arm-none-eabi/11.3.1/thumb/v6-m/nofp/libgcc.a(_udivsi3.o)
                              /Users/petertorelli/github/marvin3/mc/code/build/Debug/bsps/PETEOMATIC/system_cat2.o (__aeabi_uidiv)
/Applications/ModusToolbox/tools_3.4/gcc/bin/../lib/gcc/arm-none-eabi/11.3.1/thumb/v6-m/nofp/libgcc.a(_divsi3.o)
                              /Users/petertorelli/github/marvin3/mc/code/build/Debug/local/main.o (__aeabi_idiv)
/Applications/ModusToolbox/tools_3.4/gcc/bin/../lib/gcc/arm-none-eabi/11.3.1/thumb/v6-m/nofp/libgcc.a(_dvmd_tls.o)
                              /Applications/ModusToolbox/tools_3.4/gcc/bin/../lib/gcc/arm-none-eabi/11.3.1/thumb/v6-m/nofp/libgcc.a(_udivsi3.o) (__aeabi_idiv0)
/Applications/ModusToolbox/tools_3.4/gcc/bin/../lib/gcc/arm-none-eabi/11.3.1/thumb/v6-m/nofp/libgcc.a(_arm_cmpsf2.o)
                              /Users/petertorelli/github/marvin3/mc/code/build/Debug/local/main.o (__aeabi_fcmplt)
/Applications/ModusToolbox/tools_3.4/gcc/bin/../lib/gcc/arm-none-eabi/11.3.1/thumb/v6-m/nofp/libgcc.a(_fixunssfsi.o)
                              /Users/petertorelli/github/marvin3/mc/code/build/Debug/local/main.o (__aeabi_f2uiz)
/Applications/ModusToolbox/tools_3.4/gcc/bin/../lib/gcc/arm-none-eabi/11.3.1/thumb/v6-m/nofp/libgcc.a(addsf3.o)
                              /Users/petertorelli/github/marvin3/mc/code/build/Debug/local/pidctl.o (__aeabi_fadd)
/Applications/ModusToolbox/tools_3.4/gcc/bin/../lib/gcc/arm-none-eabi/11.3.1/thumb/v6-m/nofp/libgcc.a(divsf3.o)
                              /Users/petertorelli/github/marvin3/mc/code/build/Debug/local/main.o (__aeabi_fdiv)
/Applications/ModusToolbox/tools_3.4/gcc/bin/../lib/gcc/arm-none-eabi/11.3.1/thumb/v6-m/nofp/libgcc.a(eqsf2.o)
                              /Applications/ModusToolbox/tools_3.4/gcc/bin/../lib/gcc/arm-none-eabi/11.3.1/thumb/v6-m/nofp/libgcc.a(_arm_cmpsf2.o) (__eqsf2)
/Applications/ModusToolbox/tools_3.4/gcc/bin/../lib/gcc/arm-none-eabi/11.3.1/thumb/v6-m/nofp/libgcc.a(gesf2.o)
                              /Applications/ModusToolbox/tools_3.4/gcc/bin/../lib/gcc/arm-none-eabi/11.3.1/thumb/v6-m/nofp/libgcc.a(_arm_cmpsf2.o) (__gesf2)
/Applications/ModusToolbox/tools_3.4/gcc/bin/../lib/gcc/arm-none-eabi/11.3.1/thumb/v6-m/nofp/libgcc.a(lesf2.o)
                              /Applications/ModusToolbox/tools_3.4/gcc/bin/../lib/gcc/arm-none-eabi/11.3.1/thumb/v6-m/nofp/libgcc.a(_arm_cmpsf2.o) (__lesf2)
/Applications/ModusToolbox/tools_3.4/gcc/bin/../lib/gcc/arm-none-eabi/11.3.1/thumb/v6-m/nofp/libgcc.a(mulsf3.o)
                              /Users/petertorelli/github/marvin3/mc/code/build/Debug/local/pidctl.o (__aeabi_fmul)
/Applications/ModusToolbox/tools_3.4/gcc/bin/../lib/gcc/arm-none-eabi/11.3.1/thumb/v6-m/nofp/libgcc.a(subsf3.o)
                              /Users/petertorelli/github/marvin3/mc/code/build/Debug/local/pidctl.o (__aeabi_fsub)
/Applications/ModusToolbox/tools_3.4/gcc/bin/../lib/gcc/arm-none-eabi/11.3.1/thumb/v6-m/nofp/libgcc.a(fixsfsi.o)
                              /Applications/ModusToolbox/tools_3.4/gcc/bin/../lib/gcc/arm-none-eabi/11.3.1/thumb/v6-m/nofp/libgcc.a(_fixunssfsi.o) (__aeabi_f2iz)
/Applications/ModusToolbox/tools_3.4/gcc/bin/../lib/gcc/arm-none-eabi/11.3.1/thumb/v6-m/nofp/libgcc.a(floatsisf.o)
                              /Users/petertorelli/github/marvin3/mc/code/build/Debug/local/main.o (__aeabi_i2f)
/Applications/ModusToolbox/tools_3.4/gcc/bin/../lib/gcc/arm-none-eabi/11.3.1/thumb/v6-m/nofp/libgcc.a(floatunsisf.o)
                              /Users/petertorelli/github/marvin3/mc/code/build/Debug/local/main.o (__aeabi_ui2f)
/Applications/ModusToolbox/tools_3.4/gcc/bin/../lib/gcc/arm-none-eabi/11.3.1/thumb/v6-m/nofp/libgcc.a(extendsfdf2.o)
                              /Users/petertorelli/github/marvin3/mc/code/build/Debug/local/main.o (__aeabi_f2d)
/Applications/ModusToolbox/tools_3.4/gcc/bin/../lib/gcc/arm-none-eabi/11.3.1/thumb/v6-m/nofp/libgcc.a(_clzsi2.o)
                              /Applications/ModusToolbox/tools_3.4/gcc/bin/../lib/gcc/arm-none-eabi/11.3.1/thumb/v6-m/nofp/libgcc.a(addsf3.o) (__clzsi2)
/Applications/ModusToolbox/tools_3.4/gcc/bin/../lib/gcc/arm-none-eabi/11.3.1/../../../../arm-none-eabi/lib/thumb/v6-m/nofp/libg_nano.a(libc_a-exit.o)
                              /Applications/ModusToolbox/tools_3.4/gcc/bin/../lib/gcc/arm-none-eabi/11.3.1/../../../../arm-none-eabi/lib/thumb/v6-m/nofp/crt0.o (exit)
/Applications/ModusToolbox/tools_3.4/gcc/bin/../lib/gcc/arm-none-eabi/11.3.1/../../../../arm-none-eabi/lib/thumb/v6-m/nofp/libg_nano.a(libc_a-nano-vfprintf_float.o)
                              /Users/petertorelli/github/marvin3/mc/code/build/Debug/libraries_shared/retarget-io/source/cy_retarget_io.o (_printf_float)
[...]
Memory Configuration

Name             Origin             Length             Attributes
FLASH            0x0000000000000000 0x0000000000010000 xr
RAM              0x0000000020000000 0x0000000000002000 xrw
*default*        0x0000000000000000 0xffffffffffffffff

Linker script and memory map

LOAD /Applications/ModusToolbox/tools_3.4/gcc/bin/../lib/gcc/arm-none-eabi/11.3.1/thumb/v6-m/nofp/crti.o
LOAD /Applications/ModusToolbox/tools_3.4/gcc/bin/../lib/gcc/arm-none-eabi/11.3.1/thumb/v6-m/nofp/crtbegin.o
LOAD /Applications/ModusToolbox/tools_3.4/gcc/bin/../lib/gcc/arm-none-eabi/11.3.1/../../../../arm-none-eabi/lib/thumb/v6-m/nofp/crt0.o
START GROUP
LOAD /Users/petertorelli/github/marvin3/mc/code/build/Debug/bsps/PETEOMATIC/config/GeneratedSource/cycfg.o
LOAD /Users/petertorelli/github/marvin3/mc/code/build/Debug/bsps/PETEOMATIC/config/GeneratedSource/cycfg_clocks.o
LOAD /Users/petertorelli/github/marvin3/mc/code/build/Debug/bsps/PETEOMATIC/config/GeneratedSource/cycfg_peripherals.o
LOAD /Users/petertorelli/github/marvin3/mc/code/build/Debug/bsps/PETEOMATIC/config/GeneratedSource/cycfg_pins.o
LOAD /Users/petertorelli/github/marvin3/mc/code/build/Debug/bsps/PETEOMATIC/config/GeneratedSource/cycfg_routing.o
LOAD /Users/petertorelli/github/marvin3/mc/code/build/Debug/bsps/PETEOMATIC/config/GeneratedSource/cycfg_system.o
LOAD /Users/petertorelli/github/marvin3/mc/code/build/Debug/bsps/PETEOMATIC/cybsp.o
LOAD /Users/petertorelli/github/marvin3/mc/code/build/Debug/bsps/PETEOMATIC/startup_psoc4100s.o
LOAD /Users/petertorelli/github/marvin3/mc/code/build/Debug/bsps/PETEOMATIC/system_cat2.o
LOAD /Users/petertorelli/github/marvin3/mc/code/build/Debug/local/main.o
LOAD /Users/petertorelli/github/marvin3/mc/code/build/Debug/local/pidctl.o
LOAD /Users/petertorelli/github/marvin3/mc/code/build/Debug/libraries_shared/mtb-pdl-cat2/drivers/source/COMPONENT_CM0P/TOOLCHAIN_GCC_ARM/cy_syslib_gcc.o
LOAD /Users/petertorelli/github/marvin3/mc/code/build/Debug/libraries_shared/mtb-pdl-cat2/drivers/source/cy_canfd.o
LOAD /Users/petertorelli/github/marvin3/mc/code/build/Debug/libraries_shared/mtb-pdl-cat2/drivers/source/cy_crwdt.o
LOAD /Users/petertorelli/github/marvin3/mc/code/build/Debug/libraries_shared/mtb-pdl-cat2/drivers/source/cy_crypto_aes.o
LOAD /Users/petertorelli/github/marvin3/mc/code/build/Debug/libraries_shared/mtb-pdl-cat2/drivers/source/cy_crypto_crc.o
LOAD /Users/petertorelli/github/marvin3/mc/code/build/Debug/libraries_shared/mtb-pdl-cat2/drivers/source/cy_crypto_hw.o
LOAD /Users/petertorelli/github/marvin3/mc/code/build/Debug/libraries_shared/mtb-pdl-cat2/drivers/source/cy_crypto_sha.o
LOAD /Users/petertorelli/github/marvin3/mc/code/build/Debug/libraries_shared/mtb-pdl-cat2/drivers/source/cy_crypto_trng.o
LOAD /Users/petertorelli/github/marvin3/mc/code/build/Debug/libraries_shared/mtb-pdl-cat2/drivers/source/cy_cryptolite_aes.o
LOAD /Users/petertorelli/github/marvin3/mc/code/build/Debug/libraries_shared/mtb-pdl-cat2/drivers/source/cy_cryptolite_rsa.o
LOAD /Users/petertorelli/github/marvin3/mc/code/build/Debug/libraries_shared/mtb-pdl-cat2/drivers/source/cy_cryptolite_sha.o
LOAD /Users/petertorelli/github/marvin3/mc/code/build/Debug/libraries_shared/mtb-pdl-cat2/drivers/source/cy_cryptolite_trng.o
LOAD /Users/petertorelli/github/marvin3/mc/code/build/Debug/libraries_shared/mtb-pdl-cat2/drivers/source/cy_csd.o
LOAD /Users/petertorelli/github/marvin3/mc/code/build/Debug/libraries_shared/mtb-pdl-cat2/drivers/source/cy_ctb.o
LOAD /Users/petertorelli/github/marvin3/mc/code/build/Debug/libraries_shared/mtb-pdl-cat2/drivers/source/cy_dmac.o
LOAD /Users/petertorelli/github/marvin3/mc/code/build/Debug/libraries_shared/mtb-pdl-cat2/drivers/source/cy_flash.o
LOAD /Users/petertorelli/github/marvin3/mc/code/build/Debug/libraries_shared/mtb-pdl-cat2/drivers/source/cy_gpio.o
LOAD /Users/petertorelli/github/marvin3/mc/code/build/Debug/libraries_shared/mtb-pdl-cat2/drivers/source/cy_hvss.o
LOAD /Users/petertorelli/github/marvin3/mc/code/build/Debug/libraries_shared/mtb-pdl-cat2/drivers/source/cy_i2s.o
LOAD /Users/petertorelli/github/marvin3/mc/code/build/Debug/libraries_shared/mtb-pdl-cat2/drivers/source/cy_lin.o
LOAD /Users/petertorelli/github/marvin3/mc/code/build/Debug/libraries_shared/mtb-pdl-cat2/drivers/source/cy_lpcomp.o
LOAD /Users/petertorelli/github/marvin3/mc/code/build/Debug/libraries_shared/mtb-pdl-cat2/drivers/source/cy_ltc.o
LOAD /Users/petertorelli/github/marvin3/mc/code/build/Debug/libraries_shared/mtb-pdl-cat2/drivers/source/cy_msc.o
LOAD /Users/petertorelli/github/marvin3/mc/code/build/Debug/libraries_shared/mtb-pdl-cat2/drivers/source/cy_msclp.o
LOAD /Users/petertorelli/github/marvin3/mc/code/build/Debug/libraries_shared/mtb-pdl-cat2/drivers/source/cy_ram.o
LOAD /Users/petertorelli/github/marvin3/mc/code/build/Debug/libraries_shared/mtb-pdl-cat2/drivers/source/cy_sar.o
LOAD /Users/petertorelli/github/marvin3/mc/code/build/Debug/libraries_shared/mtb-pdl-cat2/drivers/source/cy_scb_common.o
LOAD /Users/petertorelli/github/marvin3/mc/code/build/Debug/libraries_shared/mtb-pdl-cat2/drivers/source/cy_scb_ezi2c.o
LOAD /Users/petertorelli/github/marvin3/mc/code/build/Debug/libraries_shared/mtb-pdl-cat2/drivers/source/cy_scb_i2c.o
LOAD /Users/petertorelli/github/marvin3/mc/code/build/Debug/libraries_shared/mtb-pdl-cat2/drivers/source/cy_scb_spi.o
LOAD /Users/petertorelli/github/marvin3/mc/code/build/Debug/libraries_shared/mtb-pdl-cat2/drivers/source/cy_scb_uart.o
LOAD /Users/petertorelli/github/marvin3/mc/code/build/Debug/libraries_shared/mtb-pdl-cat2/drivers/source/cy_seglcd.o
LOAD /Users/petertorelli/github/marvin3/mc/code/build/Debug/libraries_shared/mtb-pdl-cat2/drivers/source/cy_smartio.o
LOAD /Users/petertorelli/github/marvin3/mc/code/build/Debug/libraries_shared/mtb-pdl-cat2/drivers/source/cy_sysclk.o
LOAD /Users/petertorelli/github/marvin3/mc/code/build/Debug/libraries_shared/mtb-pdl-cat2/drivers/source/cy_sysfault.o
LOAD /Users/petertorelli/github/marvin3/mc/code/build/Debug/libraries_shared/mtb-pdl-cat2/drivers/source/cy_sysint.o
LOAD /Users/petertorelli/github/marvin3/mc/code/build/Debug/libraries_shared/mtb-pdl-cat2/drivers/source/cy_syslib.o
LOAD /Users/petertorelli/github/marvin3/mc/code/build/Debug/libraries_shared/mtb-pdl-cat2/drivers/source/cy_syspm.o
LOAD /Users/petertorelli/github/marvin3/mc/code/build/Debug/libraries_shared/mtb-pdl-cat2/drivers/source/cy_systick.o
LOAD /Users/petertorelli/github/marvin3/mc/code/build/Debug/libraries_shared/mtb-pdl-cat2/drivers/source/cy_tcpwm_counter.o
LOAD /Users/petertorelli/github/marvin3/mc/code/build/Debug/libraries_shared/mtb-pdl-cat2/drivers/source/cy_tcpwm_pwm.o
LOAD /Users/petertorelli/github/marvin3/mc/code/build/Debug/libraries_shared/mtb-pdl-cat2/drivers/source/cy_tcpwm_quaddec.o
LOAD /Users/petertorelli/github/marvin3/mc/code/build/Debug/libraries_shared/mtb-pdl-cat2/drivers/source/cy_trigmux.o
LOAD /Users/petertorelli/github/marvin3/mc/code/build/Debug/libraries_shared/mtb-pdl-cat2/drivers/source/cy_usbfs_dev_drv.o
LOAD /Users/petertorelli/github/marvin3/mc/code/build/Debug/libraries_shared/mtb-pdl-cat2/drivers/source/cy_usbfs_dev_drv_io.o
LOAD /Users/petertorelli/github/marvin3/mc/code/build/Debug/libraries_shared/mtb-pdl-cat2/drivers/source/cy_usbfs_dev_drv_io_dma.o
LOAD /Users/petertorelli/github/marvin3/mc/code/build/Debug/libraries_shared/mtb-pdl-cat2/drivers/source/cy_usbpd_bch.o
LOAD /Users/petertorelli/github/marvin3/mc/code/build/Debug/libraries_shared/mtb-pdl-cat2/drivers/source/cy_usbpd_buck_boost.o
LOAD /Users/petertorelli/github/marvin3/mc/code/build/Debug/libraries_shared/mtb-pdl-cat2/drivers/source/cy_usbpd_config_table.o
LOAD /Users/petertorelli/github/marvin3/mc/code/build/Debug/libraries_shared/mtb-pdl-cat2/drivers/source/cy_usbpd_hpd.o
LOAD /Users/petertorelli/github/marvin3/mc/code/build/Debug/libraries_shared/mtb-pdl-cat2/drivers/source/cy_usbpd_idac_ctrl.o
LOAD /Users/petertorelli/github/marvin3/mc/code/build/Debug/libraries_shared/mtb-pdl-cat2/drivers/source/cy_usbpd_lf_counter.o
LOAD /Users/petertorelli/github/marvin3/mc/code/build/Debug/libraries_shared/mtb-pdl-cat2/drivers/source/cy_usbpd_mux.o
LOAD /Users/petertorelli/github/marvin3/mc/code/build/Debug/libraries_shared/mtb-pdl-cat2/drivers/source/cy_usbpd_phy.o
LOAD /Users/petertorelli/github/marvin3/mc/code/build/Debug/libraries_shared/mtb-pdl-cat2/drivers/source/cy_usbpd_typec.o
LOAD /Users/petertorelli/github/marvin3/mc/code/build/Debug/libraries_shared/mtb-pdl-cat2/drivers/source/cy_usbpd_vbus_ctrl.o
LOAD /Users/petertorelli/github/marvin3/mc/code/build/Debug/libraries_shared/mtb-pdl-cat2/drivers/source/cy_wdc.o
LOAD /Users/petertorelli/github/marvin3/mc/code/build/Debug/libraries_shared/mtb-pdl-cat2/drivers/source/cy_wdt.o
LOAD /Users/petertorelli/github/marvin3/mc/code/build/Debug/libraries_shared/retarget-io/source/cy_retarget_io.o
END GROUP
LOAD /Applications/ModusToolbox/tools_3.4/gcc/bin/../lib/gcc/arm-none-eabi/11.3.1/../../../../arm-none-eabi/lib/thumb/v6-m/nofp/libstdc++_nano.a
LOAD /Applications/ModusToolbox/tools_3.4/gcc/bin/../lib/gcc/arm-none-eabi/11.3.1/../../../../arm-none-eabi/lib/thumb/v6-m/nofp/libm.a
START GROUP
LOAD /Applications/ModusToolbox/tools_3.4/gcc/bin/../lib/gcc/arm-none-eabi/11.3.1/thumb/v6-m/nofp/libgcc.a
LOAD /Applications/ModusToolbox/tools_3.4/gcc/bin/../lib/gcc/arm-none-eabi/11.3.1/../../../../arm-none-eabi/lib/thumb/v6-m/nofp/libg_nano.a
LOAD /Applications/ModusToolbox/tools_3.4/gcc/bin/../lib/gcc/arm-none-eabi/11.3.1/../../../../arm-none-eabi/lib/thumb/v6-m/nofp/libc_nano.a
END GROUP
START GROUP
LOAD /Applications/ModusToolbox/tools_3.4/gcc/bin/../lib/gcc/arm-none-eabi/11.3.1/thumb/v6-m/nofp/libgcc.a
LOAD /Applications/ModusToolbox/tools_3.4/gcc/bin/../lib/gcc/arm-none-eabi/11.3.1/../../../../arm-none-eabi/lib/thumb/v6-m/nofp/libc_nano.a
END GROUP
LOAD /Applications/ModusToolbox/tools_3.4/gcc/bin/../lib/gcc/arm-none-eabi/11.3.1/thumb/v6-m/nofp/crtend.o
LOAD /Applications/ModusToolbox/tools_3.4/gcc/bin/../lib/gcc/arm-none-eabi/11.3.1/thumb/v6-m/nofp/crtn.o
START GROUP
LOAD /Applications/ModusToolbox/tools_3.4/gcc/bin/../lib/gcc/arm-none-eabi/11.3.1/thumb/v6-m/nofp/libgcc.a
LOAD /Applications/ModusToolbox/tools_3.4/gcc/bin/../lib/gcc/arm-none-eabi/11.3.1/../../../../arm-none-eabi/lib/thumb/v6-m/nofp/libc.a
LOAD /Applications/ModusToolbox/tools_3.4/gcc/bin/../lib/gcc/arm-none-eabi/11.3.1/../../../../arm-none-eabi/lib/thumb/v6-m/nofp/libnosys.a
END GROUP
                0x0000000000000000                __FLASH_START = 0x0
                0x0000000000010000                __FLASH_SIZE = 0x10000
                0x0000000020000000                __RAM_START = 0x20000000
                0x0000000000002000                __RAM_SIZE = 0x2000
                0x0000000000000400                __STACK_SIZE = 0x400

.cy_app_header
 *(.cy_app_header)

.text           0x0000000000000000     0x8224
                0x0000000000000000                . = ALIGN (0x4)
 *(.vectors)
 .vectors       0x0000000000000000       0xc0 /Users/petertorelli/github/marvin3/mc/code/build/Debug/bsps/PETEOMATIC/startup_psoc4100s.o
                0x0000000000000000                __Vectors
                0x00000000000000c0                . = ALIGN (0x4)
                0x00000000200004f8                __end__ = .
                0x00000000000000c0                . = ALIGN (0x4)
 *(.text*)
 .text.deregister_tm_clones
                0x00000000000000c0       0x20 /Applications/ModusToolbox/tools_3.4/gcc/bin/../lib/gcc/arm-none-eabi/11.3.1/thumb/v6-m/nofp/crtbegin.o
 .text.register_tm_clones
                0x00000000000000e0       0x28 /Applications/ModusToolbox/tools_3.4/gcc/bin/../lib/gcc/arm-none-eabi/11.3.1/thumb/v6-m/nofp/crtbegin.o
 .text.__do_global_dtors_aux
                0x0000000000000108       0x2c /Applications/ModusToolbox/tools_3.4/gcc/bin/../lib/gcc/arm-none-eabi/11.3.1/thumb/v6-m/nofp/crtbegin.o
 .text.frame_dummy
                0x0000000000000134       0x24 /Applications/ModusToolbox/tools_3.4/gcc/bin/../lib/gcc/arm-none-eabi/11.3.1/thumb/v6-m/nofp/crtbegin.o
 .text          0x0000000000000158       0x80 /Applications/ModusToolbox/tools_3.4/gcc/bin/../lib/gcc/arm-none-eabi/11.3.1/../../../../arm-none-eabi/lib/thumb/v6-m/nofp/crt0.o
                0x0000000000000158                _stack_init
                0x0000000000000164                _mainCRTStartup
                0x0000000000000164                _start
 .text.cycfg_config_init
                0x00000000000001d8       0x18 /Users/petertorelli/github/marvin3/mc/code/build/Debug/bsps/PETEOMATIC/config/GeneratedSource/cycfg.o
                0x00000000000001d8                cycfg_config_init
 .text.cycfg_config_reservations
                0x00000000000001f0       0x10 /Users/petertorelli/github/marvin3/mc/code/build/Debug/bsps/PETEOMATIC/config/GeneratedSource/cycfg.o
                0x00000000000001f0                cycfg_config_reservations
 .text.init_cycfg_all
                0x0000000000000200        0xc /Users/petertorelli/github/marvin3/mc/code/build/Debug/bsps/PETEOMATIC/config/GeneratedSource/cycfg.o
                0x0000000000000200                init_cycfg_all
 .text.init_cycfg_clocks
                0x000000000000020c       0x6c /Users/petertorelli/github/marvin3/mc/code/build/Debug/bsps/PETEOMATIC/config/GeneratedSource/cycfg_clocks.o
                0x000000000000020c                init_cycfg_clocks
 .text.reserve_cycfg_clocks
                0x0000000000000278        0x2 /Users/petertorelli/github/marvin3/mc/code/build/Debug/bsps/PETEOMATIC/config/GeneratedSource/cycfg_clocks.o
                0x0000000000000278                reserve_cycfg_clocks
 *fill*         0x000000000000027a        0x2 
 .text.init_cycfg_peripherals
                0x000000000000027c       0x64 /Users/petertorelli/github/marvin3/mc/code/build/Debug/bsps/PETEOMATIC/config/GeneratedSource/cycfg_peripherals.o
                0x000000000000027c                init_cycfg_peripherals
 .text.reserve_cycfg_peripherals
                0x00000000000002e0        0x2 /Users/petertorelli/github/marvin3/mc/code/build/Debug/bsps/PETEOMATIC/config/GeneratedSource/cycfg_peripherals.o
                0x00000000000002e0                reserve_cycfg_peripherals
 *fill*         0x00000000000002e2        0x2 
 .text.init_cycfg_pins
                0x00000000000002e4       0xb4 /Users/petertorelli/github/marvin3/mc/code/build/Debug/bsps/PETEOMATIC/config/GeneratedSource/cycfg_pins.o
                0x00000000000002e4                init_cycfg_pins
 .text.reserve_cycfg_pins
                0x0000000000000398        0x2 /Users/petertorelli/github/marvin3/mc/code/build/Debug/bsps/PETEOMATIC/config/GeneratedSource/cycfg_pins.o
                0x0000000000000398                reserve_cycfg_pins
 *fill*         0x000000000000039a        0x2 
 .text.init_cycfg_routing
                0x000000000000039c       0x38 /Users/petertorelli/github/marvin3/mc/code/build/Debug/bsps/PETEOMATIC/config/GeneratedSource/cycfg_routing.o
                0x000000000000039c                init_cycfg_routing
 .text.cycfg_ClockStartupError
                0x00000000000003d4        0x4 /Users/petertorelli/github/marvin3/mc/code/build/Debug/bsps/PETEOMATIC/config/GeneratedSource/cycfg_system.o
                0x00000000000003d4                cycfg_ClockStartupError
 .text.init_cycfg_system
                0x00000000000003d8       0xa0 /Users/petertorelli/github/marvin3/mc/code/build/Debug/bsps/PETEOMATIC/config/GeneratedSource/cycfg_system.o
                0x00000000000003d8                init_cycfg_system
 .text.cybsp_register_sysclk_pm_callback
                0x0000000000000478       0x1c /Users/petertorelli/github/marvin3/mc/code/build/Debug/bsps/PETEOMATIC/cybsp.o
 .text.cybsp_init
                0x0000000000000494        0xc /Users/petertorelli/github/marvin3/mc/code/build/Debug/bsps/PETEOMATIC/cybsp.o
                0x0000000000000494                cybsp_init
 .text.Default_Handler
                0x00000000000004a0        0x2 /Users/petertorelli/github/marvin3/mc/code/build/Debug/bsps/PETEOMATIC/startup_psoc4100s.o
                0x00000000000004a0                wco_interrupt_IRQHandler
                0x00000000000004a0                SysTick_Handler
                0x00000000000004a0                PendSV_Handler
                0x00000000000004a0                NMI_Handler
                0x00000000000004a0                ioss_interrupts_gpio_1_IRQHandler
                0x00000000000004a0                ioss_interrupts_gpio_2_IRQHandler
                0x00000000000004a0                scb_2_interrupt_IRQHandler
                0x00000000000004a0                tcpwm_interrupts_4_IRQHandler
                0x00000000000004a0                cpuss_interrupt_spcif_IRQHandler
                0x00000000000004a0                scb_0_interrupt_IRQHandler
                0x00000000000004a0                tcpwm_interrupts_3_IRQHandler
                0x00000000000004a0                csd_interrupt_IRQHandler
                0x00000000000004a0                tcpwm_interrupts_1_IRQHandler
                0x00000000000004a0                ioss_interrupt_gpio_IRQHandler
                0x00000000000004a0                scb_1_interrupt_IRQHandler
                0x00000000000004a0                Default_Handler
                0x00000000000004a0                ioss_interrupts_gpio_3_IRQHandler
                0x00000000000004a0                ioss_interrupts_gpio_0_IRQHandler
                0x00000000000004a0                tcpwm_interrupts_0_IRQHandler
                0x00000000000004a0                SVC_Handler
                0x00000000000004a0                tcpwm_interrupts_2_IRQHandler
                0x00000000000004a0                srss_interrupt_wdt_IRQHandler
                0x00000000000004a0                pass_0_interrupt_ctbs_IRQHandler
                0x00000000000004a0                pass_0_interrupt_sar_IRQHandler
                0x00000000000004a0                lpcomp_interrupt_IRQHandler
 .text.HardFault_Handler
                0x00000000000004a2        0x8 /Users/petertorelli/github/marvin3/mc/code/build/Debug/bsps/PETEOMATIC/startup_psoc4100s.o
                0x00000000000004a2                HardFault_Handler
 .text.cy_toolchain_init
                0x00000000000004aa        0x2 /Users/petertorelli/github/marvin3/mc/code/build/Debug/bsps/PETEOMATIC/startup_psoc4100s.o
                0x00000000000004aa                cy_toolchain_init
 .text.software_init_hook
                0x00000000000004ac        0x8 /Users/petertorelli/github/marvin3/mc/code/build/Debug/bsps/PETEOMATIC/startup_psoc4100s.o
                0x00000000000004ac                software_init_hook
 .text.Cy_OnResetUser
                0x00000000000004b4        0x2 /Users/petertorelli/github/marvin3/mc/code/build/Debug/bsps/PETEOMATIC/startup_psoc4100s.o
                0x00000000000004b4                Cy_OnResetUser
 *fill*         0x00000000000004b6        0x2 
 .text.Reset_Handler
                0x00000000000004b8       0x84 /Users/petertorelli/github/marvin3/mc/code/build/Debug/bsps/PETEOMATIC/startup_psoc4100s.o
                0x00000000000004b8                Reset_Handler
 .text.Cy_SystemInit
                0x000000000000053c        0x2 /Users/petertorelli/github/marvin3/mc/code/build/Debug/bsps/PETEOMATIC/system_cat2.o
                0x000000000000053c                Cy_SystemInit
 *fill*         0x000000000000053e        0x2 
 .text.SystemInit
                0x0000000000000540       0x18 /Users/petertorelli/github/marvin3/mc/code/build/Debug/bsps/PETEOMATIC/system_cat2.o
                0x0000000000000540                SystemInit
 .text.SystemCoreClockUpdate
                0x0000000000000558       0x60 /Users/petertorelli/github/marvin3/mc/code/build/Debug/bsps/PETEOMATIC/system_cat2.o
                0x0000000000000558                SystemCoreClockUpdate
 .text.SysTick_Callback
                0x00000000000005b8       0x10 /Users/petertorelli/github/marvin3/mc/code/build/Debug/local/main.o
 .text.servo_width_isr
                0x00000000000005c8       0x24 /Users/petertorelli/github/marvin3/mc/code/build/Debug/local/main.o
 .text.update_pids
                0x00000000000005ec      0x100 /Users/petertorelli/github/marvin3/mc/code/build/Debug/local/main.o
 .text.current_systick
                0x00000000000006ec        0xc /Users/petertorelli/github/marvin3/mc/code/build/Debug/local/main.o
                0x00000000000006ec                current_systick
 .text.main     0x00000000000006f8      0x1d4 /Users/petertorelli/github/marvin3/mc/code/build/Debug/local/main.o
                0x00000000000006f8                main
 .text._get_tick_ms
                0x00000000000008cc        0x8 /Users/petertorelli/github/marvin3/mc/code/build/Debug/local/pidctl.o
 .text.pidctl_needs_update
                0x00000000000008d4       0x18 /Users/petertorelli/github/marvin3/mc/code/build/Debug/local/pidctl.o
                0x00000000000008d4                pidctl_needs_update
 .text.pidctl_prime
                0x00000000000008ec        0xc /Users/petertorelli/github/marvin3/mc/code/build/Debug/local/pidctl.o
                0x00000000000008ec                pidctl_prime
 .text.pidctl_compute
                0x00000000000008f8       0xac /Users/petertorelli/github/marvin3/mc/code/build/Debug/local/pidctl.o
                0x00000000000008f8                pidctl_compute
 *fill*         0x00000000000009a4        0x4 
 .text          0x00000000000009a8       0x20 /Users/petertorelli/github/marvin3/mc/code/build/Debug/libraries_shared/mtb-pdl-cat2/drivers/source/COMPONENT_CM0P/TOOLCHAIN_GCC_ARM/cy_syslib_gcc.o
                0x00000000000009a8                Cy_SysLib_DelayCycles
                0x00000000000009ba                Cy_SysLib_EnterCriticalSection
                0x00000000000009c2                Cy_SysLib_ExitCriticalSection
 .text.Cy_CTB_SetPumpClkSource
                0x00000000000009c8       0x28 /Users/petertorelli/github/marvin3/mc/code/build/Debug/libraries_shared/mtb-pdl-cat2/drivers/source/cy_ctb.o
                0x00000000000009c8                Cy_CTB_SetPumpClkSource
 .text.Cy_GPIO_Pin_Init
                0x00000000000009f0      0x150 /Users/petertorelli/github/marvin3/mc/code/build/Debug/libraries_shared/mtb-pdl-cat2/drivers/source/cy_gpio.o
                0x00000000000009f0                Cy_GPIO_Pin_Init
 .text.Cy_SAR_IsBaseAddrValid
                0x0000000000000b40       0x14 /Users/petertorelli/github/marvin3/mc/code/build/Debug/libraries_shared/mtb-pdl-cat2/drivers/source/cy_sar.o
 .text.Cy_SAR_Init
                0x0000000000000b54      0x498 /Users/petertorelli/github/marvin3/mc/code/build/Debug/libraries_shared/mtb-pdl-cat2/drivers/source/cy_sar.o
                0x0000000000000b54                Cy_SAR_Init
 .text.Cy_SAR_Enable
                0x0000000000000fec       0x1c /Users/petertorelli/github/marvin3/mc/code/build/Debug/libraries_shared/mtb-pdl-cat2/drivers/source/cy_sar.o
                0x0000000000000fec                Cy_SAR_Enable
 .text.Cy_SCB_Write
                0x0000000000001008       0x28 /Users/petertorelli/github/marvin3/mc/code/build/Debug/libraries_shared/mtb-pdl-cat2/drivers/source/cy_scb_common.o
                0x0000000000001008                Cy_SCB_Write
 .text.Cy_SCB_UART_Init
                0x0000000000001030      0x328 /Users/petertorelli/github/marvin3/mc/code/build/Debug/libraries_shared/mtb-pdl-cat2/drivers/source/cy_scb_uart.o
                0x0000000000001030                Cy_SCB_UART_Init
 .text.Cy_SysClk_ExtClkGetFrequency
                0x0000000000001358        0xc /Users/petertorelli/github/marvin3/mc/code/build/Debug/libraries_shared/mtb-pdl-cat2/drivers/source/cy_sysclk.o
                0x0000000000001358                Cy_SysClk_ExtClkGetFrequency
 .text.Cy_SysClk_ImoGetFrequency
                0x0000000000001364       0x3c /Users/petertorelli/github/marvin3/mc/code/build/Debug/libraries_shared/mtb-pdl-cat2/drivers/source/cy_sysclk.o
                0x0000000000001364                Cy_SysClk_ImoGetFrequency
 .text.Cy_SysClk_ImoGetLockStatus
                0x00000000000013a0       0x14 /Users/petertorelli/github/marvin3/mc/code/build/Debug/libraries_shared/mtb-pdl-cat2/drivers/source/cy_sysclk.o
                0x00000000000013a0                Cy_SysClk_ImoGetLockStatus
 .text.Cy_SysClk_ImoLock
                0x00000000000013b4      0x104 /Users/petertorelli/github/marvin3/mc/code/build/Debug/libraries_shared/mtb-pdl-cat2/drivers/source/cy_sysclk.o
                0x00000000000013b4                Cy_SysClk_ImoLock
 .text.Cy_SysClk_ImoSetFrequency
                0x00000000000014b8      0x13c /Users/petertorelli/github/marvin3/mc/code/build/Debug/libraries_shared/mtb-pdl-cat2/drivers/source/cy_sysclk.o
                0x00000000000014b8                Cy_SysClk_ImoSetFrequency
 .text.Cy_SysClk_ClkHfGetSource
                0x00000000000015f4       0x10 /Users/petertorelli/github/marvin3/mc/code/build/Debug/libraries_shared/mtb-pdl-cat2/drivers/source/cy_sysclk.o
                0x00000000000015f4                Cy_SysClk_ClkHfGetSource
 .text.Cy_SysClk_ClkHfSetSource
                0x0000000000001604       0x58 /Users/petertorelli/github/marvin3/mc/code/build/Debug/libraries_shared/mtb-pdl-cat2/drivers/source/cy_sysclk.o
                0x0000000000001604                Cy_SysClk_ClkHfSetSource
 .text.Cy_SysClk_ClkHfGetFrequency
                0x000000000000165c       0x3c /Users/petertorelli/github/marvin3/mc/code/build/Debug/libraries_shared/mtb-pdl-cat2/drivers/source/cy_sysclk.o
                0x000000000000165c                Cy_SysClk_ClkHfGetFrequency
 .text.Cy_SysClk_PeriphSetDivider
                0x0000000000001698       0x48 /Users/petertorelli/github/marvin3/mc/code/build/Debug/libraries_shared/mtb-pdl-cat2/drivers/source/cy_sysclk.o
                0x0000000000001698                Cy_SysClk_PeriphSetDivider
 .text.Cy_SysClk_PeriphAssignDivider
                0x00000000000016e0       0x44 /Users/petertorelli/github/marvin3/mc/code/build/Debug/libraries_shared/mtb-pdl-cat2/drivers/source/cy_sysclk.o
                0x00000000000016e0                Cy_SysClk_PeriphAssignDivider
 .text.Cy_SysClk_PeriphEnableDivider
                0x0000000000001724       0x40 /Users/petertorelli/github/marvin3/mc/code/build/Debug/libraries_shared/mtb-pdl-cat2/drivers/source/cy_sysclk.o
                0x0000000000001724                Cy_SysClk_PeriphEnableDivider
 .text.Cy_SysClk_PeriphDisableDivider
                0x0000000000001764       0x3c /Users/petertorelli/github/marvin3/mc/code/build/Debug/libraries_shared/mtb-pdl-cat2/drivers/source/cy_sysclk.o
                0x0000000000001764                Cy_SysClk_PeriphDisableDivider
 .text.Cy_SysClk_ClkPumpSetSource
                0x00000000000017a0       0x38 /Users/petertorelli/github/marvin3/mc/code/build/Debug/libraries_shared/mtb-pdl-cat2/drivers/source/cy_sysclk.o
                0x00000000000017a0                Cy_SysClk_ClkPumpSetSource
 .text.Cy_SysClk_DeepSleepCallback
                0x00000000000017d8       0x94 /Users/petertorelli/github/marvin3/mc/code/build/Debug/libraries_shared/mtb-pdl-cat2/drivers/source/cy_sysclk.o
                0x00000000000017d8                Cy_SysClk_DeepSleepCallback
 .text.Cy_SysInt_SetVector
                0x000000000000186c       0x34 /Users/petertorelli/github/marvin3/mc/code/build/Debug/libraries_shared/mtb-pdl-cat2/drivers/source/cy_sysint.o
                0x000000000000186c                Cy_SysInt_SetVector
 .text.Cy_SysInt_Init
                0x00000000000018a0       0xa4 /Users/petertorelli/github/marvin3/mc/code/build/Debug/libraries_shared/mtb-pdl-cat2/drivers/source/cy_sysint.o
                0x00000000000018a0                Cy_SysInt_Init
 .text.Cy_SysLib_Delay
                0x0000000000001944       0x34 /Users/petertorelli/github/marvin3/mc/code/build/Debug/libraries_shared/mtb-pdl-cat2/drivers/source/cy_syslib.o
                0x0000000000001944                Cy_SysLib_Delay
 .text.Cy_SysLib_DelayUs
                0x0000000000001978       0x14 /Users/petertorelli/github/marvin3/mc/code/build/Debug/libraries_shared/mtb-pdl-cat2/drivers/source/cy_syslib.o
                0x0000000000001978                Cy_SysLib_DelayUs
 .text.Cy_SysLib_ProcessingFault
                0x000000000000198c        0x2 /Users/petertorelli/github/marvin3/mc/code/build/Debug/libraries_shared/mtb-pdl-cat2/drivers/source/cy_syslib.o
                0x000000000000198c                Cy_SysLib_ProcessingFault
 *fill*         0x000000000000198e        0x2 
 .text.Cy_SysLib_SetWaitStates
                0x0000000000001990       0x38 /Users/petertorelli/github/marvin3/mc/code/build/Debug/libraries_shared/mtb-pdl-cat2/drivers/source/cy_syslib.o
                0x0000000000001990                Cy_SysLib_SetWaitStates
 .text.Cy_SysPm_RegisterCallback
                0x00000000000019c8       0x94 /Users/petertorelli/github/marvin3/mc/code/build/Debug/libraries_shared/mtb-pdl-cat2/drivers/source/cy_syspm.o
                0x00000000000019c8                Cy_SysPm_RegisterCallback
 .text.Cy_SysTick_ServiceCallbacks
                0x0000000000001a5c       0x2c /Users/petertorelli/github/marvin3/mc/code/build/Debug/libraries_shared/mtb-pdl-cat2/drivers/source/cy_systick.o
 .text.Cy_SysTick_Enable
                0x0000000000001a88       0x18 /Users/petertorelli/github/marvin3/mc/code/build/Debug/libraries_shared/mtb-pdl-cat2/drivers/source/cy_systick.o
                0x0000000000001a88                Cy_SysTick_Enable
 .text.Cy_SysTick_SetClockSource
                0x0000000000001aa0       0x18 /Users/petertorelli/github/marvin3/mc/code/build/Debug/libraries_shared/mtb-pdl-cat2/drivers/source/cy_systick.o
                0x0000000000001aa0                Cy_SysTick_SetClockSource
 .text.Cy_SysTick_Init
                0x0000000000001ab8       0x58 /Users/petertorelli/github/marvin3/mc/code/build/Debug/libraries_shared/mtb-pdl-cat2/drivers/source/cy_systick.o
                0x0000000000001ab8                Cy_SysTick_Init
 .text.Cy_SysTick_SetCallback
                0x0000000000001b10       0x18 /Users/petertorelli/github/marvin3/mc/code/build/Debug/libraries_shared/mtb-pdl-cat2/drivers/source/cy_systick.o
                0x0000000000001b10                Cy_SysTick_SetCallback
 .text.Cy_TCPWM_Counter_Init
                0x0000000000001b28      0x130 /Users/petertorelli/github/marvin3/mc/code/build/Debug/libraries_shared/mtb-pdl-cat2/drivers/source/cy_tcpwm_counter.o
                0x0000000000001b28                Cy_TCPWM_Counter_Init
 .text.Cy_TCPWM_PWM_Init
                0x0000000000001c58      0x198 /Users/petertorelli/github/marvin3/mc/code/build/Debug/libraries_shared/mtb-pdl-cat2/drivers/source/cy_tcpwm_pwm.o
                0x0000000000001c58                Cy_TCPWM_PWM_Init
 .text.Cy_TCPWM_QuadDec_Init
                0x0000000000001df0       0x8c /Users/petertorelli/github/marvin3/mc/code/build/Debug/libraries_shared/mtb-pdl-cat2/drivers/source/cy_tcpwm_quaddec.o
                0x0000000000001df0                Cy_TCPWM_QuadDec_Init
 .text.Cy_TrigMux_Connect
                0x0000000000001e7c       0x70 /Users/petertorelli/github/marvin3/mc/code/build/Debug/libraries_shared/mtb-pdl-cat2/drivers/source/cy_trigmux.o
                0x0000000000001e7c                Cy_TrigMux_Connect
 .text._write   0x0000000000001eec       0x34 /Users/petertorelli/github/marvin3/mc/code/build/Debug/libraries_shared/retarget-io/source/cy_retarget_io.o
                0x0000000000001eec                _write
 .text._read    0x0000000000001f20       0x3c /Users/petertorelli/github/marvin3/mc/code/build/Debug/libraries_shared/retarget-io/source/cy_retarget_io.o
                0x0000000000001f20                _read
 .text.cy_retarget_io_init
                0x0000000000001f5c       0x18 /Users/petertorelli/github/marvin3/mc/code/build/Debug/libraries_shared/retarget-io/source/cy_retarget_io.o
                0x0000000000001f5c                cy_retarget_io_init
 .text          0x0000000000001f74      0x114 /Applications/ModusToolbox/tools_3.4/gcc/bin/../lib/gcc/arm-none-eabi/11.3.1/thumb/v6-m/nofp/libgcc.a(_udivsi3.o)
                0x0000000000001f74                __udivsi3
                0x0000000000001f74                __aeabi_uidiv
                0x0000000000002080                __aeabi_uidivmod
 .text          0x0000000000002088      0x1d4 /Applications/ModusToolbox/tools_3.4/gcc/bin/../lib/gcc/arm-none-eabi/11.3.1/thumb/v6-m/nofp/libgcc.a(_divsi3.o)
                0x0000000000002088                __aeabi_idiv
                0x0000000000002088                __divsi3
                0x0000000000002254                __aeabi_idivmod
 .text          0x000000000000225c        0x4 /Applications/ModusToolbox/tools_3.4/gcc/bin/../lib/gcc/arm-none-eabi/11.3.1/thumb/v6-m/nofp/libgcc.a(_dvmd_tls.o)
                0x000000000000225c                __aeabi_ldiv0
                0x000000000000225c                __aeabi_idiv0
 .text          0x0000000000002260       0x74 /Applications/ModusToolbox/tools_3.4/gcc/bin/../lib/gcc/arm-none-eabi/11.3.1/thumb/v6-m/nofp/libgcc.a(_arm_cmpsf2.o)
                0x0000000000002260                __aeabi_cfrcmple
                0x0000000000002268                __aeabi_cfcmple
                0x0000000000002268                __aeabi_cfcmpeq
                0x0000000000002278                __aeabi_fcmpeq
                0x0000000000002284                __aeabi_fcmplt
                0x0000000000002298                __aeabi_fcmple
                0x00000000000022ac                __aeabi_fcmpgt
                0x00000000000022c0                __aeabi_fcmpge
 .text.__fixunssfsi
                0x00000000000022d4       0x30 /Applications/ModusToolbox/tools_3.4/gcc/bin/../lib/gcc/arm-none-eabi/11.3.1/thumb/v6-m/nofp/libgcc.a(_fixunssfsi.o)
                0x00000000000022d4                __aeabi_f2uiz
                0x00000000000022d4                __fixunssfsi
 .text.__aeabi_fadd
                0x0000000000002304      0x340 /Applications/ModusToolbox/tools_3.4/gcc/bin/../lib/gcc/arm-none-eabi/11.3.1/thumb/v6-m/nofp/libgcc.a(addsf3.o)
                0x0000000000002304                __aeabi_fadd
 .text.__aeabi_fdiv
                0x0000000000002644      0x234 /Applications/ModusToolbox/tools_3.4/gcc/bin/../lib/gcc/arm-none-eabi/11.3.1/thumb/v6-m/nofp/libgcc.a(divsf3.o)
                0x0000000000002644                __aeabi_fdiv
 .text.__eqsf2  0x0000000000002878       0x4c /Applications/ModusToolbox/tools_3.4/gcc/bin/../lib/gcc/arm-none-eabi/11.3.1/thumb/v6-m/nofp/libgcc.a(eqsf2.o)
                0x0000000000002878                __nesf2
                0x0000000000002878                __eqsf2
 .text.__gesf2  0x00000000000028c4       0x8c /Applications/ModusToolbox/tools_3.4/gcc/bin/../lib/gcc/arm-none-eabi/11.3.1/thumb/v6-m/nofp/libgcc.a(gesf2.o)
                0x00000000000028c4                __gtsf2
                0x00000000000028c4                __gesf2
 .text.__lesf2  0x0000000000002950       0x88 /Applications/ModusToolbox/tools_3.4/gcc/bin/../lib/gcc/arm-none-eabi/11.3.1/thumb/v6-m/nofp/libgcc.a(lesf2.o)
                0x0000000000002950                __lesf2
                0x0000000000002950                __ltsf2
 .text.__aeabi_fmul
                0x00000000000029d8      0x29c /Applications/ModusToolbox/tools_3.4/gcc/bin/../lib/gcc/arm-none-eabi/11.3.1/thumb/v6-m/nofp/libgcc.a(mulsf3.o)
                0x00000000000029d8                __aeabi_fmul
 .text.__aeabi_fsub
                0x0000000000002c74      0x340 /Applications/ModusToolbox/tools_3.4/gcc/bin/../lib/gcc/arm-none-eabi/11.3.1/thumb/v6-m/nofp/libgcc.a(subsf3.o)
                0x0000000000002c74                __aeabi_fsub
 .text.__aeabi_f2iz
                0x0000000000002fb4       0x40 /Applications/ModusToolbox/tools_3.4/gcc/bin/../lib/gcc/arm-none-eabi/11.3.1/thumb/v6-m/nofp/libgcc.a(fixsfsi.o)
                0x0000000000002fb4                __aeabi_f2iz
 .text.__aeabi_i2f
                0x0000000000002ff4       0xa4 /Applications/ModusToolbox/tools_3.4/gcc/bin/../lib/gcc/arm-none-eabi/11.3.1/thumb/v6-m/nofp/libgcc.a(floatsisf.o)
                0x0000000000002ff4                __aeabi_i2f
 .text.__aeabi_ui2f
                0x0000000000003098       0x90 /Applications/ModusToolbox/tools_3.4/gcc/bin/../lib/gcc/arm-none-eabi/11.3.1/thumb/v6-m/nofp/libgcc.a(floatunsisf.o)
                0x0000000000003098                __aeabi_ui2f
 .text.__aeabi_f2d
                0x0000000000003128       0x90 /Applications/ModusToolbox/tools_3.4/gcc/bin/../lib/gcc/arm-none-eabi/11.3.1/thumb/v6-m/nofp/libgcc.a(extendsfdf2.o)
                0x0000000000003128                __aeabi_f2d
 .text          0x00000000000031b8       0x3c /Applications/ModusToolbox/tools_3.4/gcc/bin/../lib/gcc/arm-none-eabi/11.3.1/thumb/v6-m/nofp/libgcc.a(_clzsi2.o)
                0x00000000000031b8                __clzsi2
 .text.exit     0x00000000000031f4       0x28 /Applications/ModusToolbox/tools_3.4/gcc/bin/../lib/gcc/arm-none-eabi/11.3.1/../../../../arm-none-eabi/lib/thumb/v6-m/nofp/libg_nano.a(libc_a-exit.o)
                0x00000000000031f4                exit
 .text.__cvt    0x000000000000321c       0xc6 /Applications/ModusToolbox/tools_3.4/gcc/bin/../lib/gcc/arm-none-eabi/11.3.1/../../../../arm-none-eabi/lib/thumb/v6-m/nofp/libg_nano.a(libc_a-nano-vfprintf_float.o)
                0x000000000000321c                __cvt
 .text.__exponent
                0x00000000000032e2       0x8a /Applications/ModusToolbox/tools_3.4/gcc/bin/../lib/gcc/arm-none-eabi/11.3.1/../../../../arm-none-eabi/lib/thumb/v6-m/nofp/libg_nano.a(libc_a-nano-vfprintf_float.o)
                0x00000000000032e2                __exponent
 .text._printf_float
                0x000000000000336c      0x4ac /Applications/ModusToolbox/tools_3.4/gcc/bin/../lib/gcc/arm-none-eabi/11.3.1/../../../../arm-none-eabi/lib/thumb/v6-m/nofp/libg_nano.a(libc_a-nano-vfprintf_float.o)
                0x000000000000336c                _printf_float
 .text._printf_common
                0x0000000000003818       0xde /Applications/ModusToolbox/tools_3.4/gcc/bin/../lib/gcc/arm-none-eabi/11.3.1/../../../../arm-none-eabi/lib/thumb/v6-m/nofp/libg_nano.a(libc_a-nano-vfprintf_i.o)
                0x0000000000003818                _printf_common
 *fill*         0x00000000000038f6        0x2 
 .text._printf_i
                0x00000000000038f8      0x220 /Applications/ModusToolbox/tools_3.4/gcc/bin/../lib/gcc/arm-none-eabi/11.3.1/../../../../arm-none-eabi/lib/thumb/v6-m/nofp/libg_nano.a(libc_a-nano-vfprintf_i.o)
                0x00000000000038f8                _printf_i
 .text.std      0x0000000000003b18       0x48 /Applications/ModusToolbox/tools_3.4/gcc/bin/../lib/gcc/arm-none-eabi/11.3.1/../../../../arm-none-eabi/lib/thumb/v6-m/nofp/libg_nano.a(libc_a-findfp.o)
 .text.stdio_exit_handler
                0x0000000000003b60       0x1c /Applications/ModusToolbox/tools_3.4/gcc/bin/../lib/gcc/arm-none-eabi/11.3.1/../../../../arm-none-eabi/lib/thumb/v6-m/nofp/libg_nano.a(libc_a-findfp.o)
 .text.cleanup_stdio
                0x0000000000003b7c       0x3c /Applications/ModusToolbox/tools_3.4/gcc/bin/../lib/gcc/arm-none-eabi/11.3.1/../../../../arm-none-eabi/lib/thumb/v6-m/nofp/libg_nano.a(libc_a-findfp.o)
 .text.global_stdio_init.part.0
                0x0000000000003bb8       0x3c /Applications/ModusToolbox/tools_3.4/gcc/bin/../lib/gcc/arm-none-eabi/11.3.1/../../../../arm-none-eabi/lib/thumb/v6-m/nofp/libg_nano.a(libc_a-findfp.o)
 .text.__sfp_lock_acquire
                0x0000000000003bf4       0x10 /Applications/ModusToolbox/tools_3.4/gcc/bin/../lib/gcc/arm-none-eabi/11.3.1/../../../../arm-none-eabi/lib/thumb/v6-m/nofp/libg_nano.a(libc_a-findfp.o)
                0x0000000000003bf4                __sfp_lock_acquire
 .text.__sfp_lock_release
                0x0000000000003c04       0x10 /Applications/ModusToolbox/tools_3.4/gcc/bin/../lib/gcc/arm-none-eabi/11.3.1/../../../../arm-none-eabi/lib/thumb/v6-m/nofp/libg_nano.a(libc_a-findfp.o)
                0x0000000000003c04                __sfp_lock_release
 .text.__sinit  0x0000000000003c14       0x30 /Applications/ModusToolbox/tools_3.4/gcc/bin/../lib/gcc/arm-none-eabi/11.3.1/../../../../arm-none-eabi/lib/thumb/v6-m/nofp/libg_nano.a(libc_a-findfp.o)
                0x0000000000003c14                __sinit
 .text._fwalk_sglue
                0x0000000000003c44       0x38 /Applications/ModusToolbox/tools_3.4/gcc/bin/../lib/gcc/arm-none-eabi/11.3.1/../../../../arm-none-eabi/lib/thumb/v6-m/nofp/libg_nano.a(libc_a-fwalk.o)
                0x0000000000003c44                _fwalk_sglue
 .text.printf   0x0000000000003c7c       0x20 /Applications/ModusToolbox/tools_3.4/gcc/bin/../lib/gcc/arm-none-eabi/11.3.1/../../../../arm-none-eabi/lib/thumb/v6-m/nofp/libg_nano.a(libc_a-printf.o)
                0x0000000000003c7c                printf
                0x0000000000003c7c                iprintf
 .text.memset   0x0000000000003c9c       0x10 /Applications/ModusToolbox/tools_3.4/gcc/bin/../lib/gcc/arm-none-eabi/11.3.1/../../../../arm-none-eabi/lib/thumb/v6-m/nofp/libg_nano.a(libc_a-memset.o)
                0x0000000000003c9c                memset
 .text._localeconv_r
                0x0000000000003cac        0x8 /Applications/ModusToolbox/tools_3.4/gcc/bin/../lib/gcc/arm-none-eabi/11.3.1/../../../../arm-none-eabi/lib/thumb/v6-m/nofp/libg_nano.a(libc_a-localeconv.o)
                0x0000000000003cac                _localeconv_r
 .text.__libc_init_array
                0x0000000000003cb4       0x48 /Applications/ModusToolbox/tools_3.4/gcc/bin/../lib/gcc/arm-none-eabi/11.3.1/../../../../arm-none-eabi/lib/thumb/v6-m/nofp/libg_nano.a(libc_a-init.o)
                0x0000000000003cb4                __libc_init_array
 .text.__retarget_lock_acquire_recursive
                0x0000000000003cfc        0x2 /Applications/ModusToolbox/tools_3.4/gcc/bin/../lib/gcc/arm-none-eabi/11.3.1/../../../../arm-none-eabi/lib/thumb/v6-m/nofp/libg_nano.a(libc_a-lock.o)
                0x0000000000003cfc                __retarget_lock_acquire_recursive
 .text.__retarget_lock_release_recursive
                0x0000000000003cfe        0x2 /Applications/ModusToolbox/tools_3.4/gcc/bin/../lib/gcc/arm-none-eabi/11.3.1/../../../../arm-none-eabi/lib/thumb/v6-m/nofp/libg_nano.a(libc_a-lock.o)
                0x0000000000003cfe                __retarget_lock_release_recursive
 .text.memchr   0x0000000000003d00       0x16 /Applications/ModusToolbox/tools_3.4/gcc/bin/../lib/gcc/arm-none-eabi/11.3.1/../../../../arm-none-eabi/lib/thumb/v6-m/nofp/libg_nano.a(libc_a-memchr-stub.o)
                0x0000000000003d00                memchr
 .text.memcpy   0x0000000000003d16       0x12 /Applications/ModusToolbox/tools_3.4/gcc/bin/../lib/gcc/arm-none-eabi/11.3.1/../../../../arm-none-eabi/lib/thumb/v6-m/nofp/libg_nano.a(libc_a-memcpy-stub.o)
                0x0000000000003d16                memcpy
 .text          0x0000000000003d28        0xe /Applications/ModusToolbox/tools_3.4/gcc/bin/../lib/gcc/arm-none-eabi/11.3.1/../../../../arm-none-eabi/lib/thumb/v6-m/nofp/libg_nano.a(libc_a-strlen.o)
                0x0000000000003d28                strlen
 .text.quorem   0x0000000000003d36      0x11e /Applications/ModusToolbox/tools_3.4/gcc/bin/../lib/gcc/arm-none-eabi/11.3.1/../../../../arm-none-eabi/lib/thumb/v6-m/nofp/libg_nano.a(libc_a-dtoa.o)
 .text._dtoa_r  0x0000000000003e54      0xc1c /Applications/ModusToolbox/tools_3.4/gcc/bin/../lib/gcc/arm-none-eabi/11.3.1/../../../../arm-none-eabi/lib/thumb/v6-m/nofp/libg_nano.a(libc_a-dtoa.o)
                0x0000000000003e54                _dtoa_r
 .text.__sfputc_r
                0x0000000000004a70       0x2a /Applications/ModusToolbox/tools_3.4/gcc/bin/../lib/gcc/arm-none-eabi/11.3.1/../../../../arm-none-eabi/lib/thumb/v6-m/nofp/libg_nano.a(libc_a-nano-vfprintf.o)
 .text.__sfputs_r
                0x0000000000004a9a       0x24 /Applications/ModusToolbox/tools_3.4/gcc/bin/../lib/gcc/arm-none-eabi/11.3.1/../../../../arm-none-eabi/lib/thumb/v6-m/nofp/libg_nano.a(libc_a-nano-vfprintf.o)
                0x0000000000004a9a                __sfputs_r
 *fill*         0x0000000000004abe        0x2 
 .text._vfprintf_r
                0x0000000000004ac0      0x238 /Applications/ModusToolbox/tools_3.4/gcc/bin/../lib/gcc/arm-none-eabi/11.3.1/../../../../arm-none-eabi/lib/thumb/v6-m/nofp/libg_nano.a(libc_a-nano-vfprintf.o)
                0x0000000000004ac0                _vfiprintf_r
                0x0000000000004ac0                _vfprintf_r
 .text.malloc   0x0000000000004cf8       0x14 /Applications/ModusToolbox/tools_3.4/gcc/bin/../lib/gcc/arm-none-eabi/11.3.1/../../../../arm-none-eabi/lib/thumb/v6-m/nofp/libg_nano.a(libc_a-malloc.o)
                0x0000000000004cf8                malloc
 .text.sbrk_aligned
                0x0000000000004d0c       0x44 /Applications/ModusToolbox/tools_3.4/gcc/bin/../lib/gcc/arm-none-eabi/11.3.1/../../../../arm-none-eabi/lib/thumb/v6-m/nofp/libg_nano.a(libc_a-mallocr.o)
 .text._malloc_r
                0x0000000000004d50       0xf4 /Applications/ModusToolbox/tools_3.4/gcc/bin/../lib/gcc/arm-none-eabi/11.3.1/../../../../arm-none-eabi/lib/thumb/v6-m/nofp/libg_nano.a(libc_a-mallocr.o)
                0x0000000000004d50                _malloc_r
 .text.__ascii_mbtowc
                0x0000000000004e44       0x24 /Applications/ModusToolbox/tools_3.4/gcc/bin/../lib/gcc/arm-none-eabi/11.3.1/../../../../arm-none-eabi/lib/thumb/v6-m/nofp/libg_nano.a(libc_a-mbtowc_r.o)
                0x0000000000004e44                __ascii_mbtowc
 .text.__sflush_r
                0x0000000000004e68      0x114 /Applications/ModusToolbox/tools_3.4/gcc/bin/../lib/gcc/arm-none-eabi/11.3.1/../../../../arm-none-eabi/lib/thumb/v6-m/nofp/libg_nano.a(libc_a-fflush.o)
                0x0000000000004e68                __sflush_r
 .text._fflush_r
                0x0000000000004f7c       0x56 /Applications/ModusToolbox/tools_3.4/gcc/bin/../lib/gcc/arm-none-eabi/11.3.1/../../../../arm-none-eabi/lib/thumb/v6-m/nofp/libg_nano.a(libc_a-fflush.o)
                0x0000000000004f7c                _fflush_r
 *fill*         0x0000000000004fd2        0x2 
 .text.__malloc_lock
                0x0000000000004fd4       0x10 /Applications/ModusToolbox/tools_3.4/gcc/bin/../lib/gcc/arm-none-eabi/11.3.1/../../../../arm-none-eabi/lib/thumb/v6-m/nofp/libg_nano.a(libc_a-mlock.o)
                0x0000000000004fd4                __malloc_lock
 .text.__malloc_unlock
                0x0000000000004fe4       0x10 /Applications/ModusToolbox/tools_3.4/gcc/bin/../lib/gcc/arm-none-eabi/11.3.1/../../../../arm-none-eabi/lib/thumb/v6-m/nofp/libg_nano.a(libc_a-mlock.o)
                0x0000000000004fe4                __malloc_unlock
 .text._Balloc  0x0000000000004ff4       0x88 /Applications/ModusToolbox/tools_3.4/gcc/bin/../lib/gcc/arm-none-eabi/11.3.1/../../../../arm-none-eabi/lib/thumb/v6-m/nofp/libg_nano.a(libc_a-mprec.o)
                0x0000000000004ff4                _Balloc
 .text._Bfree   0x000000000000507c       0x48 /Applications/ModusToolbox/tools_3.4/gcc/bin/../lib/gcc/arm-none-eabi/11.3.1/../../../../arm-none-eabi/lib/thumb/v6-m/nofp/libg_nano.a(libc_a-mprec.o)
                0x000000000000507c                _Bfree
 .text.__multadd
                0x00000000000050c4       0x88 /Applications/ModusToolbox/tools_3.4/gcc/bin/../lib/gcc/arm-none-eabi/11.3.1/../../../../arm-none-eabi/lib/thumb/v6-m/nofp/libg_nano.a(libc_a-mprec.o)
                0x00000000000050c4                __multadd
 .text.__hi0bits
                0x000000000000514c       0x34 /Applications/ModusToolbox/tools_3.4/gcc/bin/../lib/gcc/arm-none-eabi/11.3.1/../../../../arm-none-eabi/lib/thumb/v6-m/nofp/libg_nano.a(libc_a-mprec.o)
                0x000000000000514c                __hi0bits
 .text.__lo0bits
                0x0000000000005180       0x5c /Applications/ModusToolbox/tools_3.4/gcc/bin/../lib/gcc/arm-none-eabi/11.3.1/../../../../arm-none-eabi/lib/thumb/v6-m/nofp/libg_nano.a(libc_a-mprec.o)
                0x0000000000005180                __lo0bits
 .text.__i2b    0x00000000000051dc       0x30 /Applications/ModusToolbox/tools_3.4/gcc/bin/../lib/gcc/arm-none-eabi/11.3.1/../../../../arm-none-eabi/lib/thumb/v6-m/nofp/libg_nano.a(libc_a-mprec.o)
                0x00000000000051dc                __i2b
 .text.__multiply
                0x000000000000520c      0x160 /Applications/ModusToolbox/tools_3.4/gcc/bin/../lib/gcc/arm-none-eabi/11.3.1/../../../../arm-none-eabi/lib/thumb/v6-m/nofp/libg_nano.a(libc_a-mprec.o)
                0x000000000000520c                __multiply
 .text.__pow5mult
                0x000000000000536c       0xb8 /Applications/ModusToolbox/tools_3.4/gcc/bin/../lib/gcc/arm-none-eabi/11.3.1/../../../../arm-none-eabi/lib/thumb/v6-m/nofp/libg_nano.a(libc_a-mprec.o)
                0x000000000000536c                __pow5mult
 .text.__lshift
                0x0000000000005424       0xdc /Applications/ModusToolbox/tools_3.4/gcc/bin/../lib/gcc/arm-none-eabi/11.3.1/../../../../arm-none-eabi/lib/thumb/v6-m/nofp/libg_nano.a(libc_a-mprec.o)
                0x0000000000005424                __lshift
 .text.__mcmp   0x0000000000005500       0x38 /Applications/ModusToolbox/tools_3.4/gcc/bin/../lib/gcc/arm-none-eabi/11.3.1/../../../../arm-none-eabi/lib/thumb/v6-m/nofp/libg_nano.a(libc_a-mprec.o)
                0x0000000000005500                __mcmp
 .text.__mdiff  0x0000000000005538      0x130 /Applications/ModusToolbox/tools_3.4/gcc/bin/../lib/gcc/arm-none-eabi/11.3.1/../../../../arm-none-eabi/lib/thumb/v6-m/nofp/libg_nano.a(libc_a-mprec.o)
                0x0000000000005538                __mdiff
 .text.__d2b    0x0000000000005668       0xc0 /Applications/ModusToolbox/tools_3.4/gcc/bin/../lib/gcc/arm-none-eabi/11.3.1/../../../../arm-none-eabi/lib/thumb/v6-m/nofp/libg_nano.a(libc_a-mprec.o)
                0x0000000000005668                __d2b
 .text.__sread  0x0000000000005728       0x28 /Applications/ModusToolbox/tools_3.4/gcc/bin/../lib/gcc/arm-none-eabi/11.3.1/../../../../arm-none-eabi/lib/thumb/v6-m/nofp/libg_nano.a(libc_a-stdio.o)
                0x0000000000005728                __sread
 .text.__swrite
                0x0000000000005750       0x38 /Applications/ModusToolbox/tools_3.4/gcc/bin/../lib/gcc/arm-none-eabi/11.3.1/../../../../arm-none-eabi/lib/thumb/v6-m/nofp/libg_nano.a(libc_a-stdio.o)
                0x0000000000005750                __swrite
 .text.__sseek  0x0000000000005788       0x2c /Applications/ModusToolbox/tools_3.4/gcc/bin/../lib/gcc/arm-none-eabi/11.3.1/../../../../arm-none-eabi/lib/thumb/v6-m/nofp/libg_nano.a(libc_a-stdio.o)
                0x0000000000005788                __sseek
 .text.__sclose
                0x00000000000057b4        0xc /Applications/ModusToolbox/tools_3.4/gcc/bin/../lib/gcc/arm-none-eabi/11.3.1/../../../../arm-none-eabi/lib/thumb/v6-m/nofp/libg_nano.a(libc_a-stdio.o)
                0x00000000000057b4                __sclose
 .text.__swbuf_r
                0x00000000000057c0       0x84 /Applications/ModusToolbox/tools_3.4/gcc/bin/../lib/gcc/arm-none-eabi/11.3.1/../../../../arm-none-eabi/lib/thumb/v6-m/nofp/libg_nano.a(libc_a-wbuf.o)
                0x00000000000057c0                __swbuf_r
 .text.__swsetup_r
                0x0000000000005844       0xc8 /Applications/ModusToolbox/tools_3.4/gcc/bin/../lib/gcc/arm-none-eabi/11.3.1/../../../../arm-none-eabi/lib/thumb/v6-m/nofp/libg_nano.a(libc_a-wsetup.o)
                0x0000000000005844                __swsetup_r
 .text.__ascii_wctomb
                0x000000000000590c       0x1a /Applications/ModusToolbox/tools_3.4/gcc/bin/../lib/gcc/arm-none-eabi/11.3.1/../../../../arm-none-eabi/lib/thumb/v6-m/nofp/libg_nano.a(libc_a-wctomb_r.o)
                0x000000000000590c                __ascii_wctomb
 *fill*         0x0000000000005926        0x2 
 .text.__swhatbuf_r
                0x0000000000005928       0x50 /Applications/ModusToolbox/tools_3.4/gcc/bin/../lib/gcc/arm-none-eabi/11.3.1/../../../../arm-none-eabi/lib/thumb/v6-m/nofp/libg_nano.a(libc_a-makebuf.o)
                0x0000000000005928                __swhatbuf_r
 .text.__smakebuf_r
                0x0000000000005978       0x7c /Applications/ModusToolbox/tools_3.4/gcc/bin/../lib/gcc/arm-none-eabi/11.3.1/../../../../arm-none-eabi/lib/thumb/v6-m/nofp/libg_nano.a(libc_a-makebuf.o)
                0x0000000000005978                __smakebuf_r
 .text._close_r
                0x00000000000059f4       0x24 /Applications/ModusToolbox/tools_3.4/gcc/bin/../lib/gcc/arm-none-eabi/11.3.1/../../../../arm-none-eabi/lib/thumb/v6-m/nofp/libg_nano.a(libc_a-closer.o)
                0x00000000000059f4                _close_r
 .text._fstat_r
                0x0000000000005a18       0x24 /Applications/ModusToolbox/tools_3.4/gcc/bin/../lib/gcc/arm-none-eabi/11.3.1/../../../../arm-none-eabi/lib/thumb/v6-m/nofp/libg_nano.a(libc_a-fstatr.o)
                0x0000000000005a18                _fstat_r
 .text._isatty_r
                0x0000000000005a3c       0x24 /Applications/ModusToolbox/tools_3.4/gcc/bin/../lib/gcc/arm-none-eabi/11.3.1/../../../../arm-none-eabi/lib/thumb/v6-m/nofp/libg_nano.a(libc_a-isattyr.o)
                0x0000000000005a3c                _isatty_r
 .text._lseek_r
                0x0000000000005a60       0x28 /Applications/ModusToolbox/tools_3.4/gcc/bin/../lib/gcc/arm-none-eabi/11.3.1/../../../../arm-none-eabi/lib/thumb/v6-m/nofp/libg_nano.a(libc_a-lseekr.o)
                0x0000000000005a60                _lseek_r
 .text._read_r  0x0000000000005a88       0x28 /Applications/ModusToolbox/tools_3.4/gcc/bin/../lib/gcc/arm-none-eabi/11.3.1/../../../../arm-none-eabi/lib/thumb/v6-m/nofp/libg_nano.a(libc_a-readr.o)
                0x0000000000005a88                _read_r
 .text._sbrk_r  0x0000000000005ab0       0x24 /Applications/ModusToolbox/tools_3.4/gcc/bin/../lib/gcc/arm-none-eabi/11.3.1/../../../../arm-none-eabi/lib/thumb/v6-m/nofp/libg_nano.a(libc_a-sbrkr.o)
                0x0000000000005ab0                _sbrk_r
 .text._write_r
                0x0000000000005ad4       0x28 /Applications/ModusToolbox/tools_3.4/gcc/bin/../lib/gcc/arm-none-eabi/11.3.1/../../../../arm-none-eabi/lib/thumb/v6-m/nofp/libg_nano.a(libc_a-writer.o)
                0x0000000000005ad4                _write_r
 .text.__assert_func
                0x0000000000005afc       0x3c /Applications/ModusToolbox/tools_3.4/gcc/bin/../lib/gcc/arm-none-eabi/11.3.1/../../../../arm-none-eabi/lib/thumb/v6-m/nofp/libg_nano.a(libc_a-assert.o)
                0x0000000000005afc                __assert_func
 .text._calloc_r
                0x0000000000005b38       0x5a /Applications/ModusToolbox/tools_3.4/gcc/bin/../lib/gcc/arm-none-eabi/11.3.1/../../../../arm-none-eabi/lib/thumb/v6-m/nofp/libg_nano.a(libc_a-callocr.o)
                0x0000000000005b38                _calloc_r
 *fill*         0x0000000000005b92        0x2 
 .text._free_r  0x0000000000005b94       0x94 /Applications/ModusToolbox/tools_3.4/gcc/bin/../lib/gcc/arm-none-eabi/11.3.1/../../../../arm-none-eabi/lib/thumb/v6-m/nofp/libg_nano.a(libc_a-freer.o)
                0x0000000000005b94                _free_r
 .text.fprintf  0x0000000000005c28       0x20 /Applications/ModusToolbox/tools_3.4/gcc/bin/../lib/gcc/arm-none-eabi/11.3.1/../../../../arm-none-eabi/lib/thumb/v6-m/nofp/libg_nano.a(libc_a-fprintf.o)
                0x0000000000005c28                fprintf
                0x0000000000005c28                fiprintf
 .text.abort    0x0000000000005c48        0xe /Applications/ModusToolbox/tools_3.4/gcc/bin/../lib/gcc/arm-none-eabi/11.3.1/../../../../arm-none-eabi/lib/thumb/v6-m/nofp/libg_nano.a(libc_a-abort.o)
                0x0000000000005c48                abort
 .text._raise_r
                0x0000000000005c56       0x54 /Applications/ModusToolbox/tools_3.4/gcc/bin/../lib/gcc/arm-none-eabi/11.3.1/../../../../arm-none-eabi/lib/thumb/v6-m/nofp/libg_nano.a(libc_a-signal.o)
                0x0000000000005c56                _raise_r
 *fill*         0x0000000000005caa        0x2 
 .text.raise    0x0000000000005cac       0x14 /Applications/ModusToolbox/tools_3.4/gcc/bin/../lib/gcc/arm-none-eabi/11.3.1/../../../../arm-none-eabi/lib/thumb/v6-m/nofp/libg_nano.a(libc_a-signal.o)
                0x0000000000005cac                raise
 .text._kill_r  0x0000000000005cc0       0x24 /Applications/ModusToolbox/tools_3.4/gcc/bin/../lib/gcc/arm-none-eabi/11.3.1/../../../../arm-none-eabi/lib/thumb/v6-m/nofp/libg_nano.a(libc_a-signalr.o)
                0x0000000000005cc0                _kill_r
 .text._getpid_r
                0x0000000000005ce4        0x8 /Applications/ModusToolbox/tools_3.4/gcc/bin/../lib/gcc/arm-none-eabi/11.3.1/../../../../arm-none-eabi/lib/thumb/v6-m/nofp/libg_nano.a(libc_a-signalr.o)
                0x0000000000005ce4                _getpid_r
 .text          0x0000000000005cec       0x14 /Applications/ModusToolbox/tools_3.4/gcc/bin/../lib/gcc/arm-none-eabi/11.3.1/thumb/v6-m/nofp/libgcc.a(_thumb1_case_uqi.o)
                0x0000000000005cec                __gnu_thumb1_case_uqi
 .text          0x0000000000005d00       0x14 /Applications/ModusToolbox/tools_3.4/gcc/bin/../lib/gcc/arm-none-eabi/11.3.1/thumb/v6-m/nofp/libgcc.a(_thumb1_case_shi.o)
                0x0000000000005d00                __gnu_thumb1_case_shi
 .text          0x0000000000005d14       0x7c /Applications/ModusToolbox/tools_3.4/gcc/bin/../lib/gcc/arm-none-eabi/11.3.1/thumb/v6-m/nofp/libgcc.a(_arm_cmpdf2.o)
                0x0000000000005d14                __aeabi_cdrcmple
                0x0000000000005d24                __aeabi_cdcmple
                0x0000000000005d24                __aeabi_cdcmpeq
                0x0000000000005d34                __aeabi_dcmpeq
                0x0000000000005d40                __aeabi_dcmplt
                0x0000000000005d54                __aeabi_dcmple
                0x0000000000005d68                __aeabi_dcmpgt
                0x0000000000005d7c                __aeabi_dcmpge
 .text.__aeabi_dadd
                0x0000000000005d90      0x6c0 /Applications/ModusToolbox/tools_3.4/gcc/bin/../lib/gcc/arm-none-eabi/11.3.1/thumb/v6-m/nofp/libgcc.a(adddf3.o)
                0x0000000000005d90                __aeabi_dadd
 .text.__aeabi_ddiv
                0x0000000000006450      0x5dc /Applications/ModusToolbox/tools_3.4/gcc/bin/../lib/gcc/arm-none-eabi/11.3.1/thumb/v6-m/nofp/libgcc.a(divdf3.o)
                0x0000000000006450                __aeabi_ddiv
 .text.__eqdf2  0x0000000000006a2c       0x84 /Applications/ModusToolbox/tools_3.4/gcc/bin/../lib/gcc/arm-none-eabi/11.3.1/thumb/v6-m/nofp/libgcc.a(eqdf2.o)
                0x0000000000006a2c                __eqdf2
                0x0000000000006a2c                __nedf2
 .text.__gedf2  0x0000000000006ab0       0xcc /Applications/ModusToolbox/tools_3.4/gcc/bin/../lib/gcc/arm-none-eabi/11.3.1/thumb/v6-m/nofp/libgcc.a(gedf2.o)
                0x0000000000006ab0                __gtdf2
                0x0000000000006ab0                __gedf2
 .text.__ledf2  0x0000000000006b7c       0xc8 /Applications/ModusToolbox/tools_3.4/gcc/bin/../lib/gcc/arm-none-eabi/11.3.1/thumb/v6-m/nofp/libgcc.a(ledf2.o)
                0x0000000000006b7c                __ltdf2
                0x0000000000006b7c                __ledf2
 .text.__aeabi_dmul
                0x0000000000006c44      0x584 /Applications/ModusToolbox/tools_3.4/gcc/bin/../lib/gcc/arm-none-eabi/11.3.1/thumb/v6-m/nofp/libgcc.a(muldf3.o)
                0x0000000000006c44                __aeabi_dmul
 .text.__aeabi_dsub
                0x00000000000071c8      0x704 /Applications/ModusToolbox/tools_3.4/gcc/bin/../lib/gcc/arm-none-eabi/11.3.1/thumb/v6-m/nofp/libgcc.a(subdf3.o)
                0x00000000000071c8                __aeabi_dsub
 .text.__aeabi_dcmpun
                0x00000000000078cc       0x3c /Applications/ModusToolbox/tools_3.4/gcc/bin/../lib/gcc/arm-none-eabi/11.3.1/thumb/v6-m/nofp/libgcc.a(unorddf2.o)
                0x00000000000078cc                __aeabi_dcmpun
 .text.__aeabi_d2iz
                0x0000000000007908       0x6c /Applications/ModusToolbox/tools_3.4/gcc/bin/../lib/gcc/arm-none-eabi/11.3.1/thumb/v6-m/nofp/libgcc.a(fixdfsi.o)
                0x0000000000007908                __aeabi_d2iz
 .text.__aeabi_i2d
                0x0000000000007974       0x60 /Applications/ModusToolbox/tools_3.4/gcc/bin/../lib/gcc/arm-none-eabi/11.3.1/thumb/v6-m/nofp/libgcc.a(floatsidf.o)
                0x0000000000007974                __aeabi_i2d
 .text.__aeabi_ui2d
                0x00000000000079d4       0x4c /Applications/ModusToolbox/tools_3.4/gcc/bin/../lib/gcc/arm-none-eabi/11.3.1/thumb/v6-m/nofp/libgcc.a(floatunsidf.o)
                0x00000000000079d4                __aeabi_ui2d
 .text._close   0x0000000000007a20       0x10 /Applications/ModusToolbox/tools_3.4/gcc/bin/../lib/gcc/arm-none-eabi/11.3.1/../../../../arm-none-eabi/lib/thumb/v6-m/nofp/libnosys.a(close.o)
                0x0000000000007a20                _close
 .text._fstat   0x0000000000007a30       0x10 /Applications/ModusToolbox/tools_3.4/gcc/bin/../lib/gcc/arm-none-eabi/11.3.1/../../../../arm-none-eabi/lib/thumb/v6-m/nofp/libnosys.a(fstat.o)
                0x0000000000007a30                _fstat
 .text._getpid  0x0000000000007a40       0x10 /Applications/ModusToolbox/tools_3.4/gcc/bin/../lib/gcc/arm-none-eabi/11.3.1/../../../../arm-none-eabi/lib/thumb/v6-m/nofp/libnosys.a(getpid.o)
                0x0000000000007a40                _getpid
 .text._isatty  0x0000000000007a50       0x10 /Applications/ModusToolbox/tools_3.4/gcc/bin/../lib/gcc/arm-none-eabi/11.3.1/../../../../arm-none-eabi/lib/thumb/v6-m/nofp/libnosys.a(isatty.o)
                0x0000000000007a50                _isatty
 .text._kill    0x0000000000007a60       0x10 /Applications/ModusToolbox/tools_3.4/gcc/bin/../lib/gcc/arm-none-eabi/11.3.1/../../../../arm-none-eabi/lib/thumb/v6-m/nofp/libnosys.a(kill.o)
                0x0000000000007a60                _kill
 .text._lseek   0x0000000000007a70       0x10 /Applications/ModusToolbox/tools_3.4/gcc/bin/../lib/gcc/arm-none-eabi/11.3.1/../../../../arm-none-eabi/lib/thumb/v6-m/nofp/libnosys.a(lseek.o)
                0x0000000000007a70                _lseek
 .text._sbrk    0x0000000000007a80       0x1c /Applications/ModusToolbox/tools_3.4/gcc/bin/../lib/gcc/arm-none-eabi/11.3.1/../../../../arm-none-eabi/lib/thumb/v6-m/nofp/libnosys.a(sbrk.o)
                0x0000000000007a80                _sbrk
 .text._exit    0x0000000000007a9c        0x4 /Applications/ModusToolbox/tools_3.4/gcc/bin/../lib/gcc/arm-none-eabi/11.3.1/../../../../arm-none-eabi/lib/thumb/v6-m/nofp/libnosys.a(_exit.o)
                0x0000000000007a9c                _exit
 *(.init)
 .init          0x0000000000007aa0        0x4 /Applications/ModusToolbox/tools_3.4/gcc/bin/../lib/gcc/arm-none-eabi/11.3.1/thumb/v6-m/nofp/crti.o
                0x0000000000007aa0                _init
 .init          0x0000000000007aa4        0x8 /Applications/ModusToolbox/tools_3.4/gcc/bin/../lib/gcc/arm-none-eabi/11.3.1/thumb/v6-m/nofp/crtn.o
 *(.fini)
 .fini          0x0000000000007aac        0x4 /Applications/ModusToolbox/tools_3.4/gcc/bin/../lib/gcc/arm-none-eabi/11.3.1/thumb/v6-m/nofp/crti.o
                0x0000000000007aac                _fini
 .fini          0x0000000000007ab0        0x8 /Applications/ModusToolbox/tools_3.4/gcc/bin/../lib/gcc/arm-none-eabi/11.3.1/thumb/v6-m/nofp/crtn.o
 *crtbegin.o(.ctors)
 *crtbegin?.o(.ctors)
 *(EXCLUDE_FILE(*crtend.o *crtend?.o) .ctors)
 *(SORT_BY_NAME(.ctors.*))
 *(.ctors)
 *crtbegin.o(.dtors)
 *crtbegin?.o(.dtors)
 *(EXCLUDE_FILE(*crtend.o *crtend?.o) .dtors)
 *(SORT_BY_NAME(.dtors.*))
 *(.dtors)
 *(.rodata .rodata.* .constdata .constdata.* .conststring .conststring.*)
 .rodata.DBG_UART_config
                0x0000000000007ab8       0x44 /Users/petertorelli/github/marvin3/mc/code/build/Debug/bsps/PETEOMATIC/config/GeneratedSource/cycfg_peripherals.o
                0x0000000000007ab8                DBG_UART_config
 .rodata.POT_ADC_channel_0_config
                0x0000000000007afc        0x7 /Users/petertorelli/github/marvin3/mc/code/build/Debug/bsps/PETEOMATIC/config/GeneratedSource/cycfg_peripherals.o
                0x0000000000007afc                POT_ADC_channel_0_config
 *fill*         0x0000000000007b03        0x1 
 .rodata.POT_ADC_config
                0x0000000000007b04       0x7c /Users/petertorelli/github/marvin3/mc/code/build/Debug/bsps/PETEOMATIC/config/GeneratedSource/cycfg_peripherals.o
                0x0000000000007b04                POT_ADC_config
 .rodata.PWM_LHS_config
                0x0000000000007b80       0x64 /Users/petertorelli/github/marvin3/mc/code/build/Debug/bsps/PETEOMATIC/config/GeneratedSource/cycfg_peripherals.o
                0x0000000000007b80                PWM_LHS_config
 .rodata.PWM_RHS_config
                0x0000000000007be4       0x64 /Users/petertorelli/github/marvin3/mc/code/build/Debug/bsps/PETEOMATIC/config/GeneratedSource/cycfg_peripherals.o
                0x0000000000007be4                PWM_RHS_config
 .rodata.QUAD_DEC_config
                0x0000000000007c48       0x20 /Users/petertorelli/github/marvin3/mc/code/build/Debug/bsps/PETEOMATIC/config/GeneratedSource/cycfg_peripherals.o
                0x0000000000007c48                QUAD_DEC_config
 .rodata.SERVO_DEC_config
                0x0000000000007c68       0x4c /Users/petertorelli/github/marvin3/mc/code/build/Debug/bsps/PETEOMATIC/config/GeneratedSource/cycfg_peripherals.o
                0x0000000000007c68                SERVO_DEC_config
 .rodata.ADC_IN_config
                0x0000000000007cb4       0x18 /Users/petertorelli/github/marvin3/mc/code/build/Debug/bsps/PETEOMATIC/config/GeneratedSource/cycfg_pins.o
                0x0000000000007cb4                ADC_IN_config
 .rodata.DBG_LED_config
                0x0000000000007ccc       0x18 /Users/petertorelli/github/marvin3/mc/code/build/Debug/bsps/PETEOMATIC/config/GeneratedSource/cycfg_pins.o
                0x0000000000007ccc                DBG_LED_config
 .rodata.PWM_LHS_OUT_config
                0x0000000000007ce4       0x18 /Users/petertorelli/github/marvin3/mc/code/build/Debug/bsps/PETEOMATIC/config/GeneratedSource/cycfg_pins.o
                0x0000000000007ce4                PWM_LHS_OUT_config
 .rodata.PWM_RHS_OUT_config
                0x0000000000007cfc       0x18 /Users/petertorelli/github/marvin3/mc/code/build/Debug/bsps/PETEOMATIC/config/GeneratedSource/cycfg_pins.o
                0x0000000000007cfc                PWM_RHS_OUT_config
 .rodata.QUAD_COUNT_config
                0x0000000000007d14       0x18 /Users/petertorelli/github/marvin3/mc/code/build/Debug/bsps/PETEOMATIC/config/GeneratedSource/cycfg_pins.o
                0x0000000000007d14                QUAD_COUNT_config
 .rodata.QUAD_START_config
                0x0000000000007d2c       0x18 /Users/petertorelli/github/marvin3/mc/code/build/Debug/bsps/PETEOMATIC/config/GeneratedSource/cycfg_pins.o
                0x0000000000007d2c                QUAD_START_config
 .rodata.SERVO_IN_config
                0x0000000000007d44       0x18 /Users/petertorelli/github/marvin3/mc/code/build/Debug/bsps/PETEOMATIC/config/GeneratedSource/cycfg_pins.o
                0x0000000000007d44                SERVO_IN_config
 .rodata.SWCLK_config
                0x0000000000007d5c       0x18 /Users/petertorelli/github/marvin3/mc/code/build/Debug/bsps/PETEOMATIC/config/GeneratedSource/cycfg_pins.o
                0x0000000000007d5c                SWCLK_config
 .rodata.SWDIO_config
                0x0000000000007d74       0x18 /Users/petertorelli/github/marvin3/mc/code/build/Debug/bsps/PETEOMATIC/config/GeneratedSource/cycfg_pins.o
                0x0000000000007d74                SWDIO_config
 .rodata.UART_RX_config
                0x0000000000007d8c       0x18 /Users/petertorelli/github/marvin3/mc/code/build/Debug/bsps/PETEOMATIC/config/GeneratedSource/cycfg_pins.o
                0x0000000000007d8c                UART_RX_config
 .rodata.UART_TX_config
                0x0000000000007da4       0x18 /Users/petertorelli/github/marvin3/mc/code/build/Debug/bsps/PETEOMATIC/config/GeneratedSource/cycfg_pins.o
                0x0000000000007da4                UART_TX_config
 .rodata.update_pids.str1.4
                0x0000000000007dbc       0x1a /Users/petertorelli/github/marvin3/mc/code/build/Debug/local/main.o
 *fill*         0x0000000000007dd6        0x2 
 .rodata        0x0000000000007dd8        0x8 /Users/petertorelli/github/marvin3/mc/code/build/Debug/local/main.o
 .rodata.__aeabi_fdiv
                0x0000000000007de0       0x80 /Applications/ModusToolbox/tools_3.4/gcc/bin/../lib/gcc/arm-none-eabi/11.3.1/thumb/v6-m/nofp/libgcc.a(divsf3.o)
 .rodata._printf_float.str1.1
                0x0000000000007e60       0x12 /Applications/ModusToolbox/tools_3.4/gcc/bin/../lib/gcc/arm-none-eabi/11.3.1/../../../../arm-none-eabi/lib/thumb/v6-m/nofp/libg_nano.a(libc_a-nano-vfprintf_float.o)
 .rodata._printf_i.str1.1
                0x0000000000007e72       0x22 /Applications/ModusToolbox/tools_3.4/gcc/bin/../lib/gcc/arm-none-eabi/11.3.1/../../../../arm-none-eabi/lib/thumb/v6-m/nofp/libg_nano.a(libc_a-nano-vfprintf_i.o)
 .rodata._setlocale_r.str1.1
                0x0000000000007e94        0x8 /Applications/ModusToolbox/tools_3.4/gcc/bin/../lib/gcc/arm-none-eabi/11.3.1/../../../../arm-none-eabi/lib/thumb/v6-m/nofp/libg_nano.a(libc_a-locale.o)
                                          0x9 (size before relaxing)
 .rodata.str1.1
                0x0000000000007e9c        0x2 /Applications/ModusToolbox/tools_3.4/gcc/bin/../lib/gcc/arm-none-eabi/11.3.1/../../../../arm-none-eabi/lib/thumb/v6-m/nofp/libg_nano.a(libc_a-locale.o)
 .rodata._ctype_
                0x0000000000007e9e      0x101 /Applications/ModusToolbox/tools_3.4/gcc/bin/../lib/gcc/arm-none-eabi/11.3.1/../../../../arm-none-eabi/lib/thumb/v6-m/nofp/libg_nano.a(libc_a-ctype_.o)
                0x0000000000007e9e                _ctype_
 .rodata._dtoa_r.str1.1
                0x0000000000007f9f       0x96 /Applications/ModusToolbox/tools_3.4/gcc/bin/../lib/gcc/arm-none-eabi/11.3.1/../../../../arm-none-eabi/lib/thumb/v6-m/nofp/libg_nano.a(libc_a-dtoa.o)
                                         0x98 (size before relaxing)
 .rodata._vfprintf_r.str1.1
                0x0000000000008035       0x11 /Applications/ModusToolbox/tools_3.4/gcc/bin/../lib/gcc/arm-none-eabi/11.3.1/../../../../arm-none-eabi/lib/thumb/v6-m/nofp/libg_nano.a(libc_a-nano-vfprintf.o)
 .rodata._Balloc.str1.1
                0x0000000000008046       0x62 /Applications/ModusToolbox/tools_3.4/gcc/bin/../lib/gcc/arm-none-eabi/11.3.1/../../../../arm-none-eabi/lib/thumb/v6-m/nofp/libg_nano.a(libc_a-mprec.o)
                                         0x79 (size before relaxing)
 .rodata.__multadd.str1.1
                0x00000000000080a8       0x11 /Applications/ModusToolbox/tools_3.4/gcc/bin/../lib/gcc/arm-none-eabi/11.3.1/../../../../arm-none-eabi/lib/thumb/v6-m/nofp/libg_nano.a(libc_a-mprec.o)
 .rodata.__mprec_bigtens
                0x00000000000080a8       0x28 /Applications/ModusToolbox/tools_3.4/gcc/bin/../lib/gcc/arm-none-eabi/11.3.1/../../../../arm-none-eabi/lib/thumb/v6-m/nofp/libg_nano.a(libc_a-mprec.o)
                0x00000000000080a8                __mprec_bigtens
 .rodata.__mprec_tens
                0x00000000000080d0       0xc8 /Applications/ModusToolbox/tools_3.4/gcc/bin/../lib/gcc/arm-none-eabi/11.3.1/../../../../arm-none-eabi/lib/thumb/v6-m/nofp/libg_nano.a(libc_a-mprec.o)
                0x00000000000080d0                __mprec_tens
 .rodata.p05.0  0x0000000000008198        0xc /Applications/ModusToolbox/tools_3.4/gcc/bin/../lib/gcc/arm-none-eabi/11.3.1/../../../../arm-none-eabi/lib/thumb/v6-m/nofp/libg_nano.a(libc_a-mprec.o)
 .rodata.__assert_func.str1.1
                0x00000000000081a4       0x3c /Applications/ModusToolbox/tools_3.4/gcc/bin/../lib/gcc/arm-none-eabi/11.3.1/../../../../arm-none-eabi/lib/thumb/v6-m/nofp/libg_nano.a(libc_a-assert.o)
                                         0x3d (size before relaxing)
 .rodata.__aeabi_ddiv
                0x00000000000081e0       0x40 /Applications/ModusToolbox/tools_3.4/gcc/bin/../lib/gcc/arm-none-eabi/11.3.1/thumb/v6-m/nofp/libgcc.a(divdf3.o)
 *(.eh_frame*)
 .eh_frame      0x0000000000008220        0x0 /Applications/ModusToolbox/tools_3.4/gcc/bin/../lib/gcc/arm-none-eabi/11.3.1/thumb/v6-m/nofp/crtbegin.o
 .eh_frame      0x0000000000008220        0x4 /Applications/ModusToolbox/tools_3.4/gcc/bin/../lib/gcc/arm-none-eabi/11.3.1/thumb/v6-m/nofp/crtend.o

.glue_7         0x0000000000008224        0x0
 .glue_7        0x0000000000008224        0x0 linker stubs

.glue_7t        0x0000000000008224        0x0
 .glue_7t       0x0000000000008224        0x0 linker stubs

.vfp11_veneer   0x0000000000008224        0x0
 .vfp11_veneer  0x0000000000008224        0x0 linker stubs

.v4_bx          0x0000000000008224        0x0
 .v4_bx         0x0000000000008224        0x0 linker stubs

.iplt           0x0000000000008224        0x0
 .iplt          0x0000000000008224        0x0 /Applications/ModusToolbox/tools_3.4/gcc/bin/../lib/gcc/arm-none-eabi/11.3.1/thumb/v6-m/nofp/crtbegin.o

.ARM.extab
 *(.ARM.extab* .gnu.linkonce.armextab.*)
                0x0000000000008224                __exidx_start = .

.ARM.exidx      0x0000000000008224        0x8
 *(.ARM.exidx* .gnu.linkonce.armexidx.*)
 .ARM.exidx     0x0000000000008224        0x8 /Applications/ModusToolbox/tools_3.4/gcc/bin/../lib/gcc/arm-none-eabi/11.3.1/../../../../arm-none-eabi/lib/thumb/v6-m/nofp/crt0.o
                                         0x10 (size before relaxing)
                0x000000000000822c                __exidx_end = .

.rel.dyn        0x000000000000822c        0x0
 .rel.iplt      0x000000000000822c        0x0 /Applications/ModusToolbox/tools_3.4/gcc/bin/../lib/gcc/arm-none-eabi/11.3.1/thumb/v6-m/nofp/crtbegin.o

.copy.table     0x000000000000822c        0xc
                0x000000000000822c                . = ALIGN (0x4)
                0x000000000000822c                __copy_table_start__ = .
                0x000000000000822c        0x4 LONG 0x8240 __etext
                0x0000000000008230        0x4 LONG 0x200000c0 __data_start__
                0x0000000000008234        0x4 LONG 0x7f ((__data_end__ - __data_start__) / 0x4)
                0x0000000000008238                __copy_table_end__ = .

.zero.table     0x0000000000008238        0x8
                0x0000000000008238                . = ALIGN (0x4)
                0x0000000000008238                __zero_table_start__ = .
                0x0000000000008238        0x4 LONG 0x200002e0 __bss_start__
                0x000000000000823c        0x4 LONG 0x86 ((__bss_end__ - __bss_start__) / 0x4)
                0x0000000000008240                __zero_table_end__ = .
                0x0000000000008240                __etext = ALIGN (0x4)

.ramVectors     0x0000000020000000       0xc0
                0x0000000020000000                __ram_vectors_start__ = .
 *(.ram_vectors)
 .ram_vectors   0x0000000020000000       0xc0 /Users/petertorelli/github/marvin3/mc/code/build/Debug/bsps/PETEOMATIC/startup_psoc4100s.o
                0x0000000020000000                __RAM_VECTOR_TABLE
                0x00000000200000c0                __ram_vectors_end__ = .

.data           0x00000000200000c0      0x1fc load address 0x0000000000008240
                0x00000000200000c0                __data_start__ = .
 *(vtable)
 *(.data*)
 .data.cybsp_sysclk_pm_callback.1
                0x00000000200000c0       0x1c /Users/petertorelli/github/marvin3/mc/code/build/Debug/bsps/PETEOMATIC/cybsp.o
 .data.SystemCoreClock
                0x00000000200000dc        0x4 /Users/petertorelli/github/marvin3/mc/code/build/Debug/bsps/PETEOMATIC/system_cat2.o
                0x00000000200000dc                SystemCoreClock
 .data.cy_delay32kMs
                0x00000000200000e0        0x4 /Users/petertorelli/github/marvin3/mc/code/build/Debug/bsps/PETEOMATIC/system_cat2.o
                0x00000000200000e0                cy_delay32kMs
 .data.cy_delayFreqKhz
                0x00000000200000e4        0x4 /Users/petertorelli/github/marvin3/mc/code/build/Debug/bsps/PETEOMATIC/system_cat2.o
                0x00000000200000e4                cy_delayFreqKhz
 .data.cy_delayFreqMhz
                0x00000000200000e8        0x1 /Users/petertorelli/github/marvin3/mc/code/build/Debug/bsps/PETEOMATIC/system_cat2.o
                0x00000000200000e8                cy_delayFreqMhz
 *fill*         0x00000000200000e9        0x3 
 .data.__sglue  0x00000000200000ec        0xc /Applications/ModusToolbox/tools_3.4/gcc/bin/../lib/gcc/arm-none-eabi/11.3.1/../../../../arm-none-eabi/lib/thumb/v6-m/nofp/libg_nano.a(libc_a-findfp.o)
                0x00000000200000ec                __sglue
 .data.__global_locale
                0x00000000200000f8      0x16c /Applications/ModusToolbox/tools_3.4/gcc/bin/../lib/gcc/arm-none-eabi/11.3.1/../../../../arm-none-eabi/lib/thumb/v6-m/nofp/libg_nano.a(libc_a-locale.o)
                0x00000000200000f8                __global_locale
 .data._impure_data
                0x0000000020000264       0x4c /Applications/ModusToolbox/tools_3.4/gcc/bin/../lib/gcc/arm-none-eabi/11.3.1/../../../../arm-none-eabi/lib/thumb/v6-m/nofp/libg_nano.a(libc_a-impure.o)
                0x0000000020000264                _impure_data
 .data._impure_ptr
                0x00000000200002b0        0x4 /Applications/ModusToolbox/tools_3.4/gcc/bin/../lib/gcc/arm-none-eabi/11.3.1/../../../../arm-none-eabi/lib/thumb/v6-m/nofp/libg_nano.a(libc_a-impure.o)
                0x00000000200002b0                _impure_ptr
                0x00000000200002b4                . = ALIGN (0x4)
                0x00000000200002b4                PROVIDE (__preinit_array_start = .)
 *(.preinit_array)
                0x00000000200002b4                PROVIDE (__preinit_array_end = .)
                0x00000000200002b4                . = ALIGN (0x4)
                0x00000000200002b4                PROVIDE (__init_array_start = .)
 *(SORT_BY_NAME(.init_array.*))
 *(.init_array)
 .init_array    0x00000000200002b4        0x4 /Applications/ModusToolbox/tools_3.4/gcc/bin/../lib/gcc/arm-none-eabi/11.3.1/thumb/v6-m/nofp/crtbegin.o
                0x00000000200002b8                PROVIDE (__init_array_end = .)
                0x00000000200002b8                . = ALIGN (0x4)
                [!provide]                        PROVIDE (__fini_array_start = .)
 *(SORT_BY_NAME(.fini_array.*))
 *(.fini_array)
 .fini_array    0x00000000200002b8        0x4 /Applications/ModusToolbox/tools_3.4/gcc/bin/../lib/gcc/arm-none-eabi/11.3.1/thumb/v6-m/nofp/crtbegin.o
                [!provide]                        PROVIDE (__fini_array_end = .)
 *(.jcr*)
                0x00000000200002bc                . = ALIGN (0x4)
                0x00000000200002bc                __data_end__ = .

.tm_clone_table
                0x00000000200002bc        0x0 load address 0x000000000000843c
 .tm_clone_table
                0x00000000200002bc        0x0 /Applications/ModusToolbox/tools_3.4/gcc/bin/../lib/gcc/arm-none-eabi/11.3.1/thumb/v6-m/nofp/crtbegin.o
 .tm_clone_table
                0x00000000200002bc        0x0 /Applications/ModusToolbox/tools_3.4/gcc/bin/../lib/gcc/arm-none-eabi/11.3.1/thumb/v6-m/nofp/crtend.o

.igot.plt       0x00000000200002bc        0x0 load address 0x000000000000843c
 .igot.plt      0x00000000200002bc        0x0 /Applications/ModusToolbox/tools_3.4/gcc/bin/../lib/gcc/arm-none-eabi/11.3.1/thumb/v6-m/nofp/crtbegin.o

.noinit         0x00000000200002c0       0x20 load address 0x0000000000008440
 *(.noinit)
 .noinit        0x00000000200002c0       0x20 /Users/petertorelli/github/marvin3/mc/code/build/Debug/libraries_shared/mtb-pdl-cat2/drivers/source/cy_syslib.o
                0x00000000200002c0                cy_faultFrame

.bss            0x00000000200002e0      0x218 load address 0x000000000000843c
                0x00000000200002e0                . = ALIGN (0x4)
                0x00000000200002e0                __bss_start__ = .
 *(.bss)
 *(.bss.*)
 .bss.completed.1
                0x00000000200002e0        0x1 /Applications/ModusToolbox/tools_3.4/gcc/bin/../lib/gcc/arm-none-eabi/11.3.1/thumb/v6-m/nofp/crtbegin.o
 *fill*         0x00000000200002e1        0x3 
 .bss.object.0  0x00000000200002e4       0x18 /Applications/ModusToolbox/tools_3.4/gcc/bin/../lib/gcc/arm-none-eabi/11.3.1/thumb/v6-m/nofp/crtbegin.o
 .bss.cybsp_sysclk_pm_callback_param.0
                0x00000000200002fc        0x8 /Users/petertorelli/github/marvin3/mc/code/build/Debug/bsps/PETEOMATIC/cybsp.o
 .bss.g_ms      0x0000000020000304        0x4 /Users/petertorelli/github/marvin3/mc/code/build/Debug/local/main.o
 .bss.g_servo_count
                0x0000000020000308        0x4 /Users/petertorelli/github/marvin3/mc/code/build/Debug/local/main.o
 .bss.last_count.1
                0x000000002000030c        0x4 /Users/petertorelli/github/marvin3/mc/code/build/Debug/local/main.o
 .bss.last_delta.0
                0x0000000020000310        0x4 /Users/petertorelli/github/marvin3/mc/code/build/Debug/local/main.o
 .bss.Cy_SAR_countsPer10Volt
                0x0000000020000314       0x44 /Users/petertorelli/github/marvin3/mc/code/build/Debug/libraries_shared/mtb-pdl-cat2/drivers/source/cy_sar.o
 .bss.Cy_SAR_offset
                0x0000000020000358       0x22 /Users/petertorelli/github/marvin3/mc/code/build/Debug/libraries_shared/mtb-pdl-cat2/drivers/source/cy_sar.o
 *fill*         0x000000002000037a        0x2 
 .bss.extClkFreq
                0x000000002000037c        0x4 /Users/petertorelli/github/marvin3/mc/code/build/Debug/libraries_shared/mtb-pdl-cat2/drivers/source/cy_sysclk.o
 .bss.iloMeasurment
                0x0000000020000380        0x1 /Users/petertorelli/github/marvin3/mc/code/build/Debug/libraries_shared/mtb-pdl-cat2/drivers/source/cy_sysclk.o
 .bss.imo.1     0x0000000020000381        0x1 /Users/petertorelli/github/marvin3/mc/code/build/Debug/libraries_shared/mtb-pdl-cat2/drivers/source/cy_sysclk.o
 .bss.imoLock.0
                0x0000000020000382        0x1 /Users/petertorelli/github/marvin3/mc/code/build/Debug/libraries_shared/mtb-pdl-cat2/drivers/source/cy_sysclk.o
 .bss.preventIloMeasurment
                0x0000000020000383        0x1 /Users/petertorelli/github/marvin3/mc/code/build/Debug/libraries_shared/mtb-pdl-cat2/drivers/source/cy_sysclk.o
 .bss.pmCallbackRoot
                0x0000000020000384        0xc /Users/petertorelli/github/marvin3/mc/code/build/Debug/libraries_shared/mtb-pdl-cat2/drivers/source/cy_syspm.o
 .bss.Cy_SysTick_Callbacks
                0x0000000020000390       0x14 /Users/petertorelli/github/marvin3/mc/code/build/Debug/libraries_shared/mtb-pdl-cat2/drivers/source/cy_systick.o
 .bss.cy_retarget_io_uart
                0x00000000200003a4        0x4 /Users/petertorelli/github/marvin3/mc/code/build/Debug/libraries_shared/retarget-io/source/cy_retarget_io.o
 .bss.__sf      0x00000000200003a8      0x138 /Applications/ModusToolbox/tools_3.4/gcc/bin/../lib/gcc/arm-none-eabi/11.3.1/../../../../arm-none-eabi/lib/thumb/v6-m/nofp/libg_nano.a(libc_a-findfp.o)
                0x00000000200003a8                __sf
 .bss.__stdio_exit_handler
                0x00000000200004e0        0x4 /Applications/ModusToolbox/tools_3.4/gcc/bin/../lib/gcc/arm-none-eabi/11.3.1/../../../../arm-none-eabi/lib/thumb/v6-m/nofp/libg_nano.a(libc_a-findfp.o)
                0x00000000200004e0                __stdio_exit_handler
 .bss.__lock___malloc_recursive_mutex
                0x00000000200004e4        0x1 /Applications/ModusToolbox/tools_3.4/gcc/bin/../lib/gcc/arm-none-eabi/11.3.1/../../../../arm-none-eabi/lib/thumb/v6-m/nofp/libg_nano.a(libc_a-lock.o)
                0x00000000200004e4                __lock___malloc_recursive_mutex
 .bss.__lock___sfp_recursive_mutex
                0x00000000200004e5        0x1 /Applications/ModusToolbox/tools_3.4/gcc/bin/../lib/gcc/arm-none-eabi/11.3.1/../../../../arm-none-eabi/lib/thumb/v6-m/nofp/libg_nano.a(libc_a-lock.o)
                0x00000000200004e5                __lock___sfp_recursive_mutex
 *fill*         0x00000000200004e6        0x2 
 .bss.__malloc_free_list
                0x00000000200004e8        0x4 /Applications/ModusToolbox/tools_3.4/gcc/bin/../lib/gcc/arm-none-eabi/11.3.1/../../../../arm-none-eabi/lib/thumb/v6-m/nofp/libg_nano.a(libc_a-mallocr.o)
                0x00000000200004e8                __malloc_free_list
 .bss.__malloc_sbrk_start
                0x00000000200004ec        0x4 /Applications/ModusToolbox/tools_3.4/gcc/bin/../lib/gcc/arm-none-eabi/11.3.1/../../../../arm-none-eabi/lib/thumb/v6-m/nofp/libg_nano.a(libc_a-mallocr.o)
                0x00000000200004ec                __malloc_sbrk_start
 .bss.errno     0x00000000200004f0        0x4 /Applications/ModusToolbox/tools_3.4/gcc/bin/../lib/gcc/arm-none-eabi/11.3.1/../../../../arm-none-eabi/lib/thumb/v6-m/nofp/libg_nano.a(libc_a-reent.o)
                0x00000000200004f0                errno
 .bss.heap_end.0
                0x00000000200004f4        0x4 /Applications/ModusToolbox/tools_3.4/gcc/bin/../lib/gcc/arm-none-eabi/11.3.1/../../../../arm-none-eabi/lib/thumb/v6-m/nofp/libnosys.a(sbrk.o)
 *(COMMON)
                0x00000000200004f8                . = ALIGN (0x4)
                0x00000000200004f8                __bss_end__ = .

.heap           0x00000000200004f8     0x1708 load address 0x000000000000843c
                0x00000000200004f8                . = ALIGN (0x4)
                0x00000000200004f8                __HeapBase = .
                0x00000000200004f8                __end__ = .
                0x00000000200004f8                PROVIDE (end = .)
                0x0000000020001c00                . = ((ORIGIN (RAM) + LENGTH (RAM)) - __STACK_SIZE)
 *fill*         0x00000000200004f8     0x1708 
                0x0000000020001c00                __HeapLimit = .

.stack          0x0000000020001c00      0x400 load address 0x000000000000843c
                0x0000000020001c00                . = ((ORIGIN (RAM) + LENGTH (RAM)) - __STACK_SIZE)
                0x0000000020001c00                . = ALIGN (0x4)
                0x0000000020001c00                __StackLimit = .
                0x0000000020002000                . = (. + __STACK_SIZE)
 *fill*         0x0000000020001c00      0x400 
                0x0000000020002000                . = ALIGN (0x4)
                0x0000000020002000                __StackTop = .
                0x0000000020002000                PROVIDE (__stack = __StackTop)
                0x0000000000000001                ASSERT ((__StackLimit >= __HeapLimit), region RAM overflowed with stack)

.cyflashprotect
 *(.cyflashprotect)

.cymeta
 *(.cymeta)

.cychipprotect
 *(.cychipprotect)
                0x0000000000000000                __cy_memory_0_start = 0x0
                0x0000000000010000                __cy_memory_0_length = 0x10000
                0x0000000000000080                __cy_memory_0_row_size = 0x80
OUTPUT(build/PETEOMATIC/Debug/mc.elf elf32-littlearm)
LOAD linker stubs

.ARM.attributes
                0x0000000000000000       0x28
 .ARM.attributes
                0x0000000000000000       0x1e /Applications/ModusToolbox/tools_3.4/gcc/bin/../lib/gcc/arm-none-eabi/11.3.1/thumb/v6-m/nofp/crti.o
 .ARM.attributes
                0x000000000000001e       0x2c /Applications/ModusToolbox/tools_3.4/gcc/bin/../lib/gcc/arm-none-eabi/11.3.1/thumb/v6-m/nofp/crtbegin.o
 .ARM.attributes
                0x000000000000004a       0x1b /Applications/ModusToolbox/tools_3.4/gcc/bin/../lib/gcc/arm-none-eabi/11.3.1/../../../../arm-none-eabi/lib/thumb/v6-m/nofp/crt0.o
 .ARM.attributes
                0x0000000000000065       0x2c /Users/petertorelli/github/marvin3/mc/code/build/Debug/bsps/PETEOMATIC/config/GeneratedSource/cycfg.o
 .ARM.attributes
                0x0000000000000091       0x2c /Users/petertorelli/github/marvin3/mc/code/build/Debug/bsps/PETEOMATIC/config/GeneratedSource/cycfg_clocks.o
 .ARM.attributes
                0x00000000000000bd       0x2c /Users/petertorelli/github/marvin3/mc/code/build/Debug/bsps/PETEOMATIC/config/GeneratedSource/cycfg_peripherals.o
 .ARM.attributes
                0x00000000000000e9       0x2c /Users/petertorelli/github/marvin3/mc/code/build/Debug/bsps/PETEOMATIC/config/GeneratedSource/cycfg_pins.o
 .ARM.attributes
                0x0000000000000115       0x2c /Users/petertorelli/github/marvin3/mc/code/build/Debug/bsps/PETEOMATIC/config/GeneratedSource/cycfg_routing.o
 .ARM.attributes
                0x0000000000000141       0x2c /Users/petertorelli/github/marvin3/mc/code/build/Debug/bsps/PETEOMATIC/config/GeneratedSource/cycfg_system.o
 .ARM.attributes
                0x000000000000016d       0x2c /Users/petertorelli/github/marvin3/mc/code/build/Debug/bsps/PETEOMATIC/cybsp.o
 .ARM.attributes
                0x0000000000000199       0x2c /Users/petertorelli/github/marvin3/mc/code/build/Debug/bsps/PETEOMATIC/startup_psoc4100s.o
 .ARM.attributes
                0x00000000000001c5       0x2c /Users/petertorelli/github/marvin3/mc/code/build/Debug/bsps/PETEOMATIC/system_cat2.o
 .ARM.attributes
                0x00000000000001f1       0x2c /Users/petertorelli/github/marvin3/mc/code/build/Debug/local/main.o
 .ARM.attributes
                0x000000000000021d       0x2c /Users/petertorelli/github/marvin3/mc/code/build/Debug/local/pidctl.o
 .ARM.attributes
                0x0000000000000249       0x1c /Users/petertorelli/github/marvin3/mc/code/build/Debug/libraries_shared/mtb-pdl-cat2/drivers/source/COMPONENT_CM0P/TOOLCHAIN_GCC_ARM/cy_syslib_gcc.o
 .ARM.attributes
                0x0000000000000265       0x2c /Users/petertorelli/github/marvin3/mc/code/build/Debug/libraries_shared/mtb-pdl-cat2/drivers/source/cy_ctb.o
 .ARM.attributes
                0x0000000000000291       0x2c /Users/petertorelli/github/marvin3/mc/code/build/Debug/libraries_shared/mtb-pdl-cat2/drivers/source/cy_gpio.o
 .ARM.attributes
                0x00000000000002bd       0x2c /Users/petertorelli/github/marvin3/mc/code/build/Debug/libraries_shared/mtb-pdl-cat2/drivers/source/cy_sar.o
 .ARM.attributes
                0x00000000000002e9       0x2c /Users/petertorelli/github/marvin3/mc/code/build/Debug/libraries_shared/mtb-pdl-cat2/drivers/source/cy_scb_common.o
 .ARM.attributes
                0x0000000000000315       0x2c /Users/petertorelli/github/marvin3/mc/code/build/Debug/libraries_shared/mtb-pdl-cat2/drivers/source/cy_scb_uart.o
 .ARM.attributes
                0x0000000000000341       0x2c /Users/petertorelli/github/marvin3/mc/code/build/Debug/libraries_shared/mtb-pdl-cat2/drivers/source/cy_sysclk.o
 .ARM.attributes
                0x000000000000036d       0x2c /Users/petertorelli/github/marvin3/mc/code/build/Debug/libraries_shared/mtb-pdl-cat2/drivers/source/cy_sysint.o
 .ARM.attributes
                0x0000000000000399       0x2c /Users/petertorelli/github/marvin3/mc/code/build/Debug/libraries_shared/mtb-pdl-cat2/drivers/source/cy_syslib.o
 .ARM.attributes
                0x00000000000003c5       0x2c /Users/petertorelli/github/marvin3/mc/code/build/Debug/libraries_shared/mtb-pdl-cat2/drivers/source/cy_syspm.o
 .ARM.attributes
                0x00000000000003f1       0x2c /Users/petertorelli/github/marvin3/mc/code/build/Debug/libraries_shared/mtb-pdl-cat2/drivers/source/cy_systick.o
 .ARM.attributes
                0x000000000000041d       0x2c /Users/petertorelli/github/marvin3/mc/code/build/Debug/libraries_shared/mtb-pdl-cat2/drivers/source/cy_tcpwm_counter.o
 .ARM.attributes
                0x0000000000000449       0x2c /Users/petertorelli/github/marvin3/mc/code/build/Debug/libraries_shared/mtb-pdl-cat2/drivers/source/cy_tcpwm_pwm.o
 .ARM.attributes
                0x0000000000000475       0x2c /Users/petertorelli/github/marvin3/mc/code/build/Debug/libraries_shared/mtb-pdl-cat2/drivers/source/cy_tcpwm_quaddec.o
 .ARM.attributes
                0x00000000000004a1       0x2c /Users/petertorelli/github/marvin3/mc/code/build/Debug/libraries_shared/mtb-pdl-cat2/drivers/source/cy_trigmux.o
 .ARM.attributes
                0x00000000000004cd       0x2c /Users/petertorelli/github/marvin3/mc/code/build/Debug/libraries_shared/retarget-io/source/cy_retarget_io.o
 .ARM.attributes
                0x00000000000004f9       0x1e /Applications/ModusToolbox/tools_3.4/gcc/bin/../lib/gcc/arm-none-eabi/11.3.1/thumb/v6-m/nofp/libgcc.a(_udivsi3.o)
 .ARM.attributes
                0x0000000000000517       0x1e /Applications/ModusToolbox/tools_3.4/gcc/bin/../lib/gcc/arm-none-eabi/11.3.1/thumb/v6-m/nofp/libgcc.a(_divsi3.o)
 .ARM.attributes
                0x0000000000000535       0x1e /Applications/ModusToolbox/tools_3.4/gcc/bin/../lib/gcc/arm-none-eabi/11.3.1/thumb/v6-m/nofp/libgcc.a(_dvmd_tls.o)
 .ARM.attributes
                0x0000000000000553       0x1e /Applications/ModusToolbox/tools_3.4/gcc/bin/../lib/gcc/arm-none-eabi/11.3.1/thumb/v6-m/nofp/libgcc.a(_arm_cmpsf2.o)
 .ARM.attributes
                0x0000000000000571       0x2c /Applications/ModusToolbox/tools_3.4/gcc/bin/../lib/gcc/arm-none-eabi/11.3.1/thumb/v6-m/nofp/libgcc.a(_fixunssfsi.o)
 .ARM.attributes
                0x000000000000059d       0x2c /Applications/ModusToolbox/tools_3.4/gcc/bin/../lib/gcc/arm-none-eabi/11.3.1/thumb/v6-m/nofp/libgcc.a(addsf3.o)
 .ARM.attributes
                0x00000000000005c9       0x2c /Applications/ModusToolbox/tools_3.4/gcc/bin/../lib/gcc/arm-none-eabi/11.3.1/thumb/v6-m/nofp/libgcc.a(divsf3.o)
 .ARM.attributes
                0x00000000000005f5       0x2c /Applications/ModusToolbox/tools_3.4/gcc/bin/../lib/gcc/arm-none-eabi/11.3.1/thumb/v6-m/nofp/libgcc.a(eqsf2.o)
 .ARM.attributes
                0x0000000000000621       0x2c /Applications/ModusToolbox/tools_3.4/gcc/bin/../lib/gcc/arm-none-eabi/11.3.1/thumb/v6-m/nofp/libgcc.a(gesf2.o)
 .ARM.attributes
                0x000000000000064d       0x2c /Applications/ModusToolbox/tools_3.4/gcc/bin/../lib/gcc/arm-none-eabi/11.3.1/thumb/v6-m/nofp/libgcc.a(lesf2.o)
 .ARM.attributes
                0x0000000000000679       0x2c /Applications/ModusToolbox/tools_3.4/gcc/bin/../lib/gcc/arm-none-eabi/11.3.1/thumb/v6-m/nofp/libgcc.a(mulsf3.o)
 .ARM.attributes
                0x00000000000006a5       0x2c /Applications/ModusToolbox/tools_3.4/gcc/bin/../lib/gcc/arm-none-eabi/11.3.1/thumb/v6-m/nofp/libgcc.a(subsf3.o)
 .ARM.attributes
                0x00000000000006d1       0x2c /Applications/ModusToolbox/tools_3.4/gcc/bin/../lib/gcc/arm-none-eabi/11.3.1/thumb/v6-m/nofp/libgcc.a(fixsfsi.o)
 .ARM.attributes
                0x00000000000006fd       0x2c /Applications/ModusToolbox/tools_3.4/gcc/bin/../lib/gcc/arm-none-eabi/11.3.1/thumb/v6-m/nofp/libgcc.a(floatsisf.o)
 .ARM.attributes